 Vibrancy

 Timestamp is 5a53aff1 (Tue Jan  9 01:52:49 2018)

 Preferred load address is 0000000180000000

 Start         Length     Name                   Class
 0001:00000000 00006350H .text$di                CODE
 0001:00006350 000b7120H .text$mn                CODE
 0001:000bd470 00001020H .text$mn$00             CODE
 0001:000be490 00002090H .text$x                 CODE
 0001:000c0520 00001030H .text$yd                CODE
 0002:00000000 00000110H .CRT$XCA                DATA
 0002:00000110 00000120H .CRT$XCU                DATA
 0002:00000230 00000110H .CRT$XCZ                DATA
 0002:00000340 00000110H .CRT$XIA                DATA
 0002:00000450 00000130H .CRT$XIC                DATA
 0002:00000580 00000110H .CRT$XIZ                DATA
 0002:00000690 00000110H .CRT$XPA                DATA
 0002:000007a0 00000120H .CRT$XPX                DATA
 0002:000008c0 00000110H .CRT$XPXA               DATA
 0002:000009d0 00000110H .CRT$XPZ                DATA
 0002:00000ae0 00000110H .CRT$XTA                DATA
 0002:00000bf0 00000110H .CRT$XTZ                DATA
 0002:00000d00 00026958H .rdata                  DATA
 0002:00027658 00000728H .rdata$r                DATA
 0002:00027d80 00000190H .rdata$zzzdbg           DATA
 0002:00027f10 00000110H .rtc$IAA                DATA
 0002:00028020 00000140H .rtc$IMZ                DATA
 0002:00028160 00000110H .rtc$IZZ                DATA
 0002:00028270 00000110H .rtc$TAA                DATA
 0002:00028380 00000140H .rtc$TMZ                DATA
 0002:000284c0 00000110H .rtc$TZZ                DATA
 0002:000285d0 000070f8H .xdata                  DATA
 0002:0002f6c8 00000198H .xdata$x                DATA
 0002:0002f860 00000164H .edata                  DATA
 0003:00000000 00000d40H .data                   DATA
 0003:00000d40 00000310H .data$r                 DATA
 0003:00001050 00002148H .bss                    DATA
 0004:00000000 000088e0H .pdata                  DATA
 0005:00000000 000005c0H .idata$5                DATA
 0005:000005c0 0000003cH .idata$2                DATA
 0005:000005fc 00000014H .idata$3                DATA
 0005:00000610 000005c0H .idata$4                DATA
 0005:00000bd0 00001208H .idata$6                DATA
 0006:00000000 000001f4H .gfids$x                DATA
 0006:000001f4 000001c2H .gfids$y                DATA
 0007:00000000 0000011bH .00cfg                  DATA
 0008:00000000 00000170H .rsrc$01                DATA
 0008:00000170 000002ccH .rsrc$02                DATA

  Address         Publics by Value              Rva+Base               Lib:Object

 0000:00000000       __guard_longjmp_count      0000000000000000     <absolute>
 0000:00000000       __guard_iat_table          0000000000000000     <absolute>
 0000:00000000       __guard_fids_count         0000000000000000     <absolute>
 0000:00000000       __guard_fids_table         0000000000000000     <absolute>
 0000:00000000       __dynamic_value_reloc_table 0000000000000000     <absolute>
 0000:00000000       __guard_iat_count          0000000000000000     <absolute>
 0000:00000000       __guard_longjmp_table      0000000000000000     <absolute>
 0000:00000000       ___safe_se_handler_count   0000000000000000     <absolute>
 0000:00000000       ___safe_se_handler_table   0000000000000000     <absolute>
 0000:00000100       __guard_flags              0000000000000100     <absolute>
 0000:00000000       __ImageBase                0000000180000000     <linker-defined>
 0001:00006430       ?Init@Vibrancy@1@SAXV?$Local@VObject@v8@@@v8@@@Z 0000000180007430 f   Vibrancy.obj
 0001:00006890       ??0Vibrancy@0@QEAA@XZ      0000000180007890 f   Vibrancy.obj
 0001:000068f0       ??1Vibrancy@0@UEAA@XZ      00000001800078f0 f   Vibrancy.obj
 0001:00006950       ?SetVibrancy@Vibrancy@1@SAXAEBV?$FunctionCallbackInfo@VValue@v8@@@Nan@@@Z 0000000180007950 f   Vibrancy.obj
 0001:00006af0       ?AddView@Vibrancy@1@SAXAEBV?$FunctionCallbackInfo@VValue@v8@@@Nan@@@Z 0000000180007af0 f   Vibrancy.obj
 0001:00006c10       ?RemoveView@Vibrancy@1@SAXAEBV?$FunctionCallbackInfo@VValue@v8@@@Nan@@@Z 0000000180007c10 f   Vibrancy.obj
 0001:00006d30       ?UpdateView@Vibrancy@1@SAXAEBV?$FunctionCallbackInfo@VValue@v8@@@Nan@@@Z 0000000180007d30 f   Vibrancy.obj
 0001:00007110       ??$?0VExternal@v8@@@?$Local@VValue@v8@@@v8@@QEAA@V?$Local@VExternal@v8@@@1@@Z 0000000180008110 f i Vibrancy.obj
 0001:00007180       ??$?0VFunction@v8@@@?$Local@VValue@v8@@@v8@@QEAA@V?$Local@VFunction@v8@@@1@@Z 0000000180008180 f i Vibrancy.obj
 0001:000071f0       ??$?0VFunction@v8@@@?$MaybeLocal@VFunction@v8@@@v8@@QEAA@V?$Local@VFunction@v8@@@1@@Z 00000001800081f0 f i Vibrancy.obj
 0001:00007260       ??$?0VObject@v8@@@?$Local@VValue@v8@@@v8@@QEAA@V?$Local@VObject@v8@@@1@@Z 0000000180008260 f i Vibrancy.obj
 0001:000072d0       ??$?0VObject@v8@@@?$MaybeLocal@VObject@v8@@@v8@@QEAA@V?$Local@VObject@v8@@@1@@Z 00000001800082d0 f i Vibrancy.obj
 0001:00007340       ??$?0VString@v8@@@?$Local@VValue@v8@@@v8@@QEAA@V?$Local@VString@v8@@@1@@Z 0000000180008340 f i Vibrancy.obj
 0001:000073b0       ??$?0VValue@v8@@@?$ReturnValue@VValue@v8@@@Nan@@QEAA@AEBV0v8@@@Z 00000001800083b0 f i Vibrancy.obj
 0001:000073e0       ??$As@VArray@v8@@@?$Local@VValue@v8@@@v8@@QEBA?AV?$Local@VArray@v8@@@1@XZ 00000001800083e0 f i Vibrancy.obj
 0001:00007430       ??$As@VExternal@v8@@@?$Local@VValue@v8@@@v8@@QEBA?AV?$Local@VExternal@v8@@@1@XZ 0000000180008430 f i Vibrancy.obj
 0001:00007480       ??$As@VObject@v8@@@?$Local@VValue@v8@@@v8@@QEBA?AV?$Local@VObject@v8@@@1@XZ 0000000180008480 f i Vibrancy.obj
 0001:000074d0       ??$Cast@VValue@v8@@@?$Local@VArray@v8@@@v8@@SA?AV01@V?$Local@VValue@v8@@@1@@Z 00000001800084d0 f i Vibrancy.obj
 0001:00007540       ??$Cast@VValue@v8@@@?$Local@VExternal@v8@@@v8@@SA?AV01@V?$Local@VValue@v8@@@1@@Z 0000000180008540 f i Vibrancy.obj
 0001:000075b0       ??$Cast@VValue@v8@@@?$Local@VObject@v8@@@v8@@SA?AV01@V?$Local@VValue@v8@@@1@@Z 00000001800085b0 f i Vibrancy.obj
 0001:00007620       ??$ClearWeak@X@?$PersistentBase@VObject@v8@@@v8@@QEAAPEAXXZ 0000000180008620 f i Vibrancy.obj
 0001:00007660       ??$Escape@VFunction@v8@@@EscapableHandleScope@v8@@QEAA?AV?$Local@VFunction@v8@@@1@V21@@Z 0000000180008660 f i Vibrancy.obj
 0001:000076e0       ??$Escape@VFunctionTemplate@v8@@@EscapableHandleScope@v8@@QEAA?AV?$Local@VFunctionTemplate@v8@@@1@V21@@Z 00000001800086e0 f i Vibrancy.obj
 0001:00007760       ??$Escape@VObject@v8@@@EscapableHandleScope@v8@@QEAA?AV?$Local@VObject@v8@@@1@V21@@Z 0000000180008760 f i Vibrancy.obj
 0001:000077e0       ??$FromMaybe@VFunction@v8@@@?$MaybeLocal@VFunction@v8@@@v8@@QEBA?AV?$Local@VFunction@v8@@@1@V21@@Z 00000001800087e0 f i Vibrancy.obj
 0001:00007890       ??$FromMaybe@VObject@v8@@@?$MaybeLocal@VObject@v8@@@v8@@QEBA?AV?$Local@VObject@v8@@@1@V21@@Z 0000000180008890 f i Vibrancy.obj
 0001:00007940       ??$IntToSmi@$0BP@@internal@v8@@YAPEAVObject@01@H@Z 0000000180008940 f i Vibrancy.obj
 0001:00007990       ??$New@VFunctionTemplate@v8@@@Nan@@YA?AV?$Local@VFunctionTemplate@v8@@@v8@@P6AXAEBV?$FunctionCallbackInfo@VValue@v8@@@0@@ZV?$Local@VValue@v8@@@2@@Z 0000000180008990 f i Vibrancy.obj
 0001:00007a00       ??$New@VString@v8@@PEBD@Nan@@YA?AV?$MaybeLocal@VString@v8@@@v8@@PEBD@Z 0000000180008a00 f i Vibrancy.obj
 0001:00007a60       ??$Set@VInteger@v8@@@?$ReturnValue@VValue@v8@@@v8@@QEAAXV?$Local@VInteger@v8@@@1@@Z 0000000180008a60 f i Vibrancy.obj
 0001:00007b00       ??$SetWeak@VObjectWrap@Nan@@@?$PersistentBase@VObject@v8@@@v8@@QEAAXPEAVObjectWrap@Nan@@P6AXAEBV?$WeakCallbackInfo@VObjectWrap@Nan@@@1@@ZW4WeakCallbackType@1@@Z 0000000180008b00 f i Vibrancy.obj
 0001:00007b70       ??0?$FunctionCallbackInfo@VValue@v8@@@Nan@@QEAA@AEBV0v8@@V?$Local@VValue@v8@@@2@@Z 0000000180008b70 f i Vibrancy.obj
 0001:00007bb0       ??0?$Local@VArray@v8@@@v8@@AEAA@PEAVArray@1@@Z 0000000180008bb0 f i Vibrancy.obj
 0001:00007be0       ??0?$Local@VExternal@v8@@@v8@@AEAA@PEAVExternal@1@@Z 0000000180008be0 f i Vibrancy.obj
 0001:00007c10       ??0?$Local@VFunction@v8@@@v8@@AEAA@PEAVFunction@1@@Z 0000000180008c10 f i Vibrancy.obj
 0001:00007c40       ??0?$Local@VFunction@v8@@@v8@@QEAA@XZ 0000000180008c40 f i Vibrancy.obj
 0001:00007c60       ??0?$Local@VFunctionTemplate@v8@@@v8@@AEAA@PEAVFunctionTemplate@1@@Z 0000000180008c60 f i Vibrancy.obj
 0001:00007c90       ??0?$Local@VFunctionTemplate@v8@@@v8@@QEAA@XZ 0000000180008c90 f i Vibrancy.obj
 0001:00007cb0       ??0?$Local@VObject@v8@@@v8@@AEAA@PEAVObject@1@@Z 0000000180008cb0 f i Vibrancy.obj
 0001:00007ce0       ??0?$Local@VObject@v8@@@v8@@QEAA@XZ 0000000180008ce0 f i Vibrancy.obj
 0001:00007d00       ??0?$Local@VPrimitive@v8@@@v8@@AEAA@PEAVPrimitive@1@@Z 0000000180008d00 f i Vibrancy.obj
 0001:00007d30       ??0?$Local@VSignature@v8@@@v8@@QEAA@XZ 0000000180008d30 f i Vibrancy.obj
 0001:00007d50       ??0?$Local@VString@v8@@@v8@@AEAA@PEAVString@1@@Z 0000000180008d50 f i Vibrancy.obj
 0001:00007d80       ??0?$Local@VValue@v8@@@v8@@AEAA@PEAVValue@1@@Z 0000000180008d80 f i Vibrancy.obj
 0001:00007db0       ??0?$Local@VValue@v8@@@v8@@QEAA@XZ 0000000180008db0 f i Vibrancy.obj
 0001:00007dd0       ??0?$Persistent@VObject@v8@@V?$NonCopyablePersistentTraits@VObject@v8@@@2@@Nan@@QEAA@XZ 0000000180008dd0 f i Vibrancy.obj
 0001:00007e10       ??0?$Persistent@VObject@v8@@V?$NonCopyablePersistentTraits@VObject@v8@@@2@@v8@@QEAA@XZ 0000000180008e10 f i Vibrancy.obj
 0001:00007e60       ??0?$PersistentBase@VObject@v8@@@v8@@AEAA@PEAVObject@1@@Z 0000000180008e60 f i Vibrancy.obj
 0001:00007e90       ??0?$ReturnValue@VValue@v8@@@v8@@AEAA@PEAPEAVObject@internal@1@@Z 0000000180008e90 f i Vibrancy.obj
 0001:00007ec0       ??0ObjectWrap@Nan@@QEAA@XZ 0000000180008ec0 f i Vibrancy.obj
 0001:00007f30       ??1?$Persistent@VObject@v8@@V?$NonCopyablePersistentTraits@VObject@v8@@@2@@Nan@@QEAA@XZ 0000000180008f30 f i Vibrancy.obj
 0001:00007f70       ??1?$Persistent@VObject@v8@@V?$NonCopyablePersistentTraits@VObject@v8@@@2@@v8@@QEAA@XZ 0000000180008f70 f i Vibrancy.obj
 0001:00007fc0       ??1ObjectWrap@Nan@@UEAA@XZ 0000000180008fc0 f i Vibrancy.obj
 0001:000080b0       ??1VibrancyHelper@Vibrancy@@QEAA@XZ 00000001800090b0 f i Vibrancy.obj
 0001:000080c0       ??A?$FunctionCallbackInfo@VValue@v8@@@Nan@@QEBA?AV?$Local@VValue@v8@@@v8@@H@Z 00000001800090c0 f i Vibrancy.obj
 0001:00008120       ??A?$FunctionCallbackInfo@VValue@v8@@@v8@@QEBA?AV?$Local@VValue@v8@@@1@H@Z 0000000180009120 f i Vibrancy.obj
 0001:000081f0       ??C?$Local@VExternal@v8@@@v8@@QEBAPEAVExternal@1@XZ 00000001800091f0 f i Vibrancy.obj
 0001:00008210       ??C?$Local@VFunctionTemplate@v8@@@v8@@QEBAPEAVFunctionTemplate@1@XZ 0000000180009210 f i Vibrancy.obj
 0001:00008230       ??C?$Local@VObject@v8@@@v8@@QEBAPEAVObject@1@XZ 0000000180009230 f i Vibrancy.obj
 0001:00008250       ??C?$Local@VObjectTemplate@v8@@@v8@@QEBAPEAVObjectTemplate@1@XZ 0000000180009250 f i Vibrancy.obj
 0001:00008270       ??D?$Local@VExternal@v8@@@v8@@QEBAPEAVExternal@1@XZ 0000000180009270 f i Vibrancy.obj
 0001:00008290       ??D?$Local@VFunction@v8@@@v8@@QEBAPEAVFunction@1@XZ 0000000180009290 f i Vibrancy.obj
 0001:000082b0       ??D?$Local@VFunctionTemplate@v8@@@v8@@QEBAPEAVFunctionTemplate@1@XZ 00000001800092b0 f i Vibrancy.obj
 0001:000082d0       ??D?$Local@VInteger@v8@@@v8@@QEBAPEAVInteger@1@XZ 00000001800092d0 f i Vibrancy.obj
 0001:000082f0       ??D?$Local@VObject@v8@@@v8@@QEBAPEAVObject@1@XZ 00000001800092f0 f i Vibrancy.obj
 0001:00008310       ??D?$Local@VPrimitive@v8@@@v8@@QEBAPEAVPrimitive@1@XZ 0000000180009310 f i Vibrancy.obj
 0001:00008330       ??D?$Local@VString@v8@@@v8@@QEBAPEAVString@1@XZ 0000000180009330 f i Vibrancy.obj
 0001:00008350       ??D?$Local@VValue@v8@@@v8@@QEBAPEAVValue@1@XZ 0000000180009350 f i Vibrancy.obj
 0001:00008370       ??_EObjectWrap@Nan@@UEAAPEAXI@Z 0000000180009370 f i Vibrancy.obj
 0001:00008370       ??_GObjectWrap@Nan@@UEAAPEAXI@Z 0000000180009370 f i Vibrancy.obj
 0001:000083e0       ??_GVibrancy@0@UEAAPEAXI@Z 00000001800093e0 f i Vibrancy.obj
 0001:000083e0       ??_EVibrancy@0@UEAAPEAXI@Z 00000001800093e0 f i Vibrancy.obj
 0001:00008450       ??_H@YAXPEAX_K1P6APEAX0@Z@Z 0000000180009450 f i Vibrancy.obj
 0001:00008500       ?CheckInitialized@Internals@internal@v8@@SAXPEAVIsolate@3@@Z 0000000180009500 f i Vibrancy.obj
 0001:00008510       ?ClearWeak@?$PersistentBase@VObject@v8@@@v8@@QEAAXXZ 0000000180009510 f i Vibrancy.obj
 0001:00008550       ?Data@?$FunctionCallbackInfo@VValue@v8@@@v8@@QEBA?AV?$Local@VValue@v8@@@2@XZ 0000000180009550 f i Vibrancy.obj
 0001:000085b0       ?GetDefaultValue@?$ReturnValue@VValue@v8@@@v8@@AEAAPEAVObject@internal@2@XZ 00000001800095b0 f i Vibrancy.obj
 0001:000085e0       ?GetFunction@Nan@@YA?AV?$MaybeLocal@VFunction@v8@@@v8@@V?$Local@VFunctionTemplate@v8@@@3@@Z 00000001800095e0 f i Vibrancy.obj
 0001:00008730       ?GetIsolate@?$FunctionCallbackInfo@VValue@v8@@@Nan@@QEBAPEAVIsolate@v8@@XZ 0000000180009730 f i Vibrancy.obj
 0001:00008770       ?GetIsolate@?$FunctionCallbackInfo@VValue@v8@@@v8@@QEBAPEAVIsolate@2@XZ 0000000180009770 f i Vibrancy.obj
 0001:000087a0       ?GetIsolate@?$ReturnValue@VValue@v8@@@v8@@QEBAPEAVIsolate@2@XZ 00000001800097a0 f i Vibrancy.obj
 0001:000087d0       ?GetNodeState@Internals@internal@v8@@SAEPEAPEAVObject@23@@Z 00000001800097d0 f i Vibrancy.obj
 0001:00008820       ?GetParameter@?$WeakCallbackInfo@VObjectWrap@Nan@@@v8@@QEBAPEAVObjectWrap@Nan@@XZ 0000000180009820 f i Vibrancy.obj
 0001:00008840       ?GetReturnValue@?$FunctionCallbackInfo@VValue@v8@@@Nan@@QEBA?AV?$ReturnValue@VValue@v8@@@2@XZ 0000000180009840 f i Vibrancy.obj
 0001:000088a0       ?GetReturnValue@?$FunctionCallbackInfo@VValue@v8@@@v8@@QEBA?AV?$ReturnValue@VValue@v8@@@2@XZ 00000001800098a0 f i Vibrancy.obj
 0001:00008900       ?GetRoot@Internals@internal@v8@@SAPEAPEAVObject@23@PEAVIsolate@3@H@Z 0000000180009900 f i Vibrancy.obj
 0001:00008960       ?IntToSmi@?$SmiTagging@$07@internal@v8@@SAPEAVObject@23@H@Z 0000000180009960 f i Vibrancy.obj
 0001:000089a0       ?IntToSmi@Internals@internal@v8@@SAPEAVObject@23@H@Z 00000001800099a0 f i Vibrancy.obj
 0001:000089e0       ?IsEmpty@?$Local@VInteger@v8@@@v8@@QEBA_NXZ 00000001800099e0 f i Vibrancy.obj
 0001:00008a40       ?IsEmpty@?$Local@VValue@v8@@@v8@@QEBA_NXZ 0000000180009a40 f i Vibrancy.obj
 0001:00008aa0       ?IsEmpty@?$MaybeLocal@VFunction@v8@@@v8@@QEBA_NXZ 0000000180009aa0 f i Vibrancy.obj
 0001:00008b00       ?IsEmpty@?$MaybeLocal@VObject@v8@@@v8@@QEBA_NXZ 0000000180009b00 f i Vibrancy.obj
 0001:00008b60       ?IsEmpty@?$PersistentBase@VObject@v8@@@v8@@QEBA_NXZ 0000000180009b60 f i Vibrancy.obj
 0001:00008bc0       ?IsNearDeath@?$PersistentBase@VObject@v8@@@v8@@QEBA_NXZ 0000000180009bc0 f i Vibrancy.obj
 0001:00008c60       ?IsValidSmi@?$SmiTagging@$07@internal@v8@@SA_N_J@Z 0000000180009c60 f i Vibrancy.obj
 0001:00008cc0       ?IsValidSmi@Internals@internal@v8@@SA_N_J@Z 0000000180009cc0 f i Vibrancy.obj
 0001:00008d00       ?IsWeak@?$PersistentBase@VObject@v8@@@v8@@QEBA_NXZ 0000000180009d00 f i Vibrancy.obj
 0001:00008d80       ?MakeWeak@ObjectWrap@Nan@@IEAAXXZ 0000000180009d80 f i Vibrancy.obj
 0001:00008df0       ?MarkIndependent@?$PersistentBase@VObject@v8@@@v8@@QEAAXXZ 0000000180009df0 f i Vibrancy.obj
 0001:00008e50       ?New@?$Factory@VFunctionTemplate@v8@@@imp@Nan@@SA?AV?$Local@VFunctionTemplate@v8@@@v8@@P6AXAEBV?$FunctionCallbackInfo@VValue@v8@@@3@@ZV?$Local@VValue@v8@@@5@V?$Local@VSignature@v8@@@5@@Z 0000000180009e50 f i Vibrancy.obj
 0001:00009150       ?New@?$Factory@VString@v8@@@imp@Nan@@SA?AV?$MaybeLocal@VString@v8@@@v8@@PEBDH@Z 000000018000a150 f i Vibrancy.obj
 0001:000091c0       ?New@?$Local@VValue@v8@@@v8@@CA?AV12@PEAVIsolate@2@PEAVValue@2@@Z 000000018000a1c0 f i Vibrancy.obj
 0001:00009260       ?New@?$Local@VValue@v8@@@v8@@SA?AV12@PEAVIsolate@2@V12@@Z 000000018000a260 f i Vibrancy.obj
 0001:000092c0       ?New@Nan@@YA?AV?$MaybeLocal@VString@v8@@@v8@@PEBD@Z 000000018000a2c0 f i Vibrancy.obj
 0001:00009310       ?NewInstance@Nan@@YA?AV?$MaybeLocal@VObject@v8@@@v8@@V?$Local@VObjectTemplate@v8@@@3@@Z 000000018000a310 f i Vibrancy.obj
 0001:00009460       ?Ref@ObjectWrap@Nan@@MEAAXXZ 000000018000a460 f i Vibrancy.obj
 0001:00009500       ?Reset@?$Persistent@VObject@v8@@V?$NonCopyablePersistentTraits@VObject@v8@@@2@@Nan@@QEAAXXZ 000000018000a500 f i Vibrancy.obj
 0001:00009540       ?Reset@?$PersistentBase@VObject@v8@@@v8@@QEAAXXZ 000000018000a540 f i Vibrancy.obj
 0001:000095b0       ?Set@?$ReturnValue@VValue@v8@@@Nan@@QEAAXH@Z 000000018000a5b0 f i Vibrancy.obj
 0001:00009610       ?Set@?$ReturnValue@VValue@v8@@@Nan@@QEAAX_N@Z 000000018000a610 f i Vibrancy.obj
 0001:00009680       ?Set@?$ReturnValue@VValue@v8@@@v8@@QEAAXH@Z 000000018000a680 f i Vibrancy.obj
 0001:00009740       ?Set@?$ReturnValue@VValue@v8@@@v8@@QEAAX_N@Z 000000018000a740 f i Vibrancy.obj
 0001:000097e0       ?Set@Nan@@YA?AV?$Maybe@_N@v8@@V?$Local@VObject@v8@@@3@V?$Local@VValue@v8@@@3@1@Z 000000018000a7e0 f i Vibrancy.obj
 0001:000098f0       ?ToLocalChecked@?$MaybeLocal@VFunction@v8@@@v8@@QEAA?AV?$Local@VFunction@v8@@@2@XZ 000000018000a8f0 f i Vibrancy.obj
 0001:00009960       ?ToLocalChecked@?$MaybeLocal@VObject@v8@@@v8@@QEAA?AV?$Local@VObject@v8@@@2@XZ 000000018000a960 f i Vibrancy.obj
 0001:000099d0       ?ToLocalChecked@?$MaybeLocal@VString@v8@@@v8@@QEAA?AV?$Local@VString@v8@@@2@XZ 000000018000a9d0 f i Vibrancy.obj
 0001:00009a40       ?Undefined@v8@@YA?AV?$Local@VPrimitive@v8@@@1@PEAVIsolate@1@@Z 000000018000aa40 f i Vibrancy.obj
 0001:00009ac0       ?Unref@ObjectWrap@Nan@@MEAAXXZ 000000018000aac0 f i Vibrancy.obj
 0001:00009be0       ?UpdateNodeFlag@Internals@internal@v8@@SAXPEAPEAVObject@23@_NH@Z 000000018000abe0 f i Vibrancy.obj
 0001:00009c90       ?WeakCallback@ObjectWrap@Nan@@CAXAEBV?$WeakCallbackInfo@VObjectWrap@Nan@@@v8@@@Z 000000018000ac90 f i Vibrancy.obj
 0001:00009db0       ?__empty_global_delete@@YAXPEAX@Z 000000018000adb0 f i Vibrancy.obj
 0001:00009dc0       ?__empty_global_delete@@YAXPEAX_K@Z 000000018000adc0 f i Vibrancy.obj
 0001:00009dd0       ?persistent@ObjectWrap@Nan@@QEAAAEAV?$Persistent@VObject@v8@@V?$NonCopyablePersistentTraits@VObject@v8@@@2@@2@XZ 000000018000add0 f i Vibrancy.obj
 0001:00009df0       ??0VibrancyHelper@Vibrancy@@QEAA@XZ 000000018000adf0 f   vibrancy_win.obj
 0001:00009e10       ?DisableVibrancy@VibrancyHelper@Vibrancy@@QEAA_NPEAE@Z 000000018000ae10 f   vibrancy_win.obj
 0001:00009e60       ?AddView@VibrancyHelper@Vibrancy@@QEAAHPEAEV?$Local@VArray@v8@@@v8@@@Z 000000018000ae60 f   vibrancy_win.obj
 0001:00009ec0       ?UpdateView@VibrancyHelper@Vibrancy@@QEAA_NPEAEV?$Local@VArray@v8@@@v8@@@Z 000000018000aec0 f   vibrancy_win.obj
 0001:00009ee0       ?RemoveView@VibrancyHelper@Vibrancy@@QEAA_NPEAEV?$Local@VArray@v8@@@v8@@@Z 000000018000aee0 f   vibrancy_win.obj
 0001:00009f00       ?IsWindows10@Vibrancy@@YA_NXZ 000000018000af00 f   vibrancy_win.obj
 0001:00009fb0       ?SetBlurBehind@Vibrancy@@YA_NPEAUHWND__@@_N@Z 000000018000afb0 f   vibrancy_win.obj
 0001:0000a280       ?InitAll@@YAXV?$Local@VObject@v8@@@v8@@@Z 000000018000b280 f   Init.obj
 0001:0000a3a8       GetVersionExA              000000018000b3a8 f   kernel32:KERNEL32.dll
 0001:0000a3ae       FreeLibrary                000000018000b3ae f   kernel32:KERNEL32.dll
 0001:0000a3b4       GetProcAddress             000000018000b3b4 f   kernel32:KERNEL32.dll
 0001:0000a3ba       LoadLibraryA               000000018000b3ba f   kernel32:KERNEL32.dll
 0001:0000a3c0       GetModuleHandleA           000000018000b3c0 f   kernel32:KERNEL32.dll
 0001:0000a3c6       ??0HandleScope@v8@@QEAA@PEAVIsolate@1@@Z 000000018000b3c6 f   iojs:node.dll
 0001:0000a3cc       ??1HandleScope@v8@@QEAA@XZ 000000018000b3cc f   iojs:node.dll
 0001:0000a3d2       ?CreateHandle@HandleScope@v8@@KAPEAPEAVObject@internal@2@PEAVIsolate@42@PEAV342@@Z 000000018000b3d2 f   iojs:node.dll
 0001:0000a3d8       ??0EscapableHandleScope@v8@@QEAA@PEAVIsolate@1@@Z 000000018000b3d8 f   iojs:node.dll
 0001:0000a3de       ??1EscapableHandleScope@v8@@QEAA@XZ 000000018000b3de f   iojs:node.dll
 0001:0000a3e4       ?Escape@EscapableHandleScope@v8@@AEAAPEAPEAVObject@internal@2@PEAPEAV342@@Z 000000018000b3e4 f   iojs:node.dll
 0001:0000a3ea       ?IsNull@Value@v8@@QEBA_NXZ 000000018000b3ea f   iojs:node.dll
 0001:0000a3f0       ?BooleanValue@Value@v8@@QEBA_NXZ 000000018000b3f0 f   iojs:node.dll
 0001:0000a3f6       ?NewFromUtf8@String@v8@@SA?AV?$MaybeLocal@VString@v8@@@2@PEAVIsolate@2@PEBDW4NewStringType@2@H@Z 000000018000b3f6 f   iojs:node.dll
 0001:0000a3fc       ?New@Integer@v8@@SA?AV?$Local@VInteger@v8@@@2@PEAVIsolate@2@H@Z 000000018000b3fc f   iojs:node.dll
 0001:0000a402       ?Set@Object@v8@@QEAA?AV?$Maybe@_N@2@V?$Local@VContext@v8@@@2@V?$Local@VValue@v8@@@2@1@Z 000000018000b402 f   iojs:node.dll
 0001:0000a408       ?GetInternalField@Object@v8@@QEAA?AV?$Local@VValue@v8@@@2@H@Z 000000018000b408 f   iojs:node.dll
 0001:0000a40e       ?SetInternalField@Object@v8@@QEAAXHV?$Local@VValue@v8@@@2@@Z 000000018000b40e f   iojs:node.dll
 0001:0000a414       ?Cast@Object@v8@@SAPEAV12@PEAVValue@2@@Z 000000018000b414 f   iojs:node.dll
 0001:0000a41a       ?Cast@Array@v8@@SAPEAV12@PEAVValue@2@@Z 000000018000b41a f   iojs:node.dll
 0001:0000a420       ?New@External@v8@@SA?AV?$Local@VExternal@v8@@@2@PEAVIsolate@2@PEAX@Z 000000018000b420 f   iojs:node.dll
 0001:0000a426       ?Cast@External@v8@@SAPEAV12@PEAVValue@2@@Z 000000018000b426 f   iojs:node.dll
 0001:0000a42c       ?Value@External@v8@@QEBAPEAXXZ 000000018000b42c f   iojs:node.dll
 0001:0000a432       ?New@FunctionTemplate@v8@@SA?AV?$Local@VFunctionTemplate@v8@@@2@PEAVIsolate@2@P6AXAEBV?$FunctionCallbackInfo@VValue@v8@@@2@@ZV?$Local@VValue@v8@@@2@V?$Local@VSignature@v8@@@2@HW4ConstructorBehavior@2@@Z 000000018000b432 f   iojs:node.dll
 0001:0000a438       ?GetFunction@FunctionTemplate@v8@@QEAA?AV?$MaybeLocal@VFunction@v8@@@2@V?$Local@VContext@v8@@@2@@Z 000000018000b438 f   iojs:node.dll
 0001:0000a43e       ?InstanceTemplate@FunctionTemplate@v8@@QEAA?AV?$Local@VObjectTemplate@v8@@@2@XZ 000000018000b43e f   iojs:node.dll
 0001:0000a444       ?New@ObjectTemplate@v8@@SA?AV?$Local@VObjectTemplate@v8@@@2@PEAVIsolate@2@V?$Local@VFunctionTemplate@v8@@@2@@Z 000000018000b444 f   iojs:node.dll
 0001:0000a44a       ?NewInstance@ObjectTemplate@v8@@QEAA?AV?$MaybeLocal@VObject@v8@@@2@V?$Local@VContext@v8@@@2@@Z 000000018000b44a f   iojs:node.dll
 0001:0000a450       ?SetInternalFieldCount@ObjectTemplate@v8@@QEAAXH@Z 000000018000b450 f   iojs:node.dll
 0001:0000a456       ?GetCurrent@Isolate@v8@@SAPEAV12@XZ 000000018000b456 f   iojs:node.dll
 0001:0000a45c       ?GetCurrentContext@Isolate@v8@@QEAA?AV?$Local@VContext@v8@@@2@XZ 000000018000b45c f   iojs:node.dll
 0001:0000a462       ?DisposeGlobal@V8@v8@@CAXPEAPEAVObject@internal@2@@Z 000000018000b462 f   iojs:node.dll
 0001:0000a468       ?MakeWeak@V8@v8@@CAXPEAPEAVObject@internal@2@PEAXP6AXAEBV?$WeakCallbackInfo@X@2@@ZW4WeakCallbackType@2@@Z 000000018000b468 f   iojs:node.dll
 0001:0000a46e       ?ClearWeak@V8@v8@@CAPEAXPEAPEAVObject@internal@2@@Z 000000018000b46e f   iojs:node.dll
 0001:0000a474       ?ToLocalEmpty@V8@v8@@CAXXZ 000000018000b474 f   iojs:node.dll
 0001:0000a47a       ?Data@Buffer@node@@YAPEADV?$Local@VObject@v8@@@v8@@@Z 000000018000b47a f   iojs:node.dll
 0001:0000a480       node_module_register       000000018000b480 f   iojs:node.dll
 0001:0000a490       ??3@YAXPEAX_K@Z            000000018000b490 f   LIBCMTD:delete_scalar_size.obj
 0001:0000a4c0       ??$__crt_fast_decode_pointer@PEAP6AXXZ@@YAPEAP6AXXZQEAP6AXXZ@Z 000000018000b4c0 f i LIBCMTD:utility.obj
 0001:0000a510       ??$__crt_fast_encode_pointer@PEAP6AXXZ@@YAPEAP6AXXZQEAP6AXXZ@Z 000000018000b510 f i LIBCMTD:utility.obj
 0001:0000a560       ?__crt_rotate_pointer_value@@YA_K_KH@Z 000000018000b560 f i LIBCMTD:utility.obj
 0001:0000a580       ?configure_argv@__scrt_narrow_argv_policy@@SAHXZ 000000018000b580 f i LIBCMTD:utility.obj
 0001:0000a750       NtCurrentTeb               000000018000b750 f i LIBCMTD:utility.obj
 0001:0000a760       __scrt_acquire_startup_lock 000000018000b760 f   LIBCMTD:utility.obj
 0001:0000a7e0       __scrt_dllmain_after_initialize_c 000000018000b7e0 f   LIBCMTD:utility.obj
 0001:0000a820       __scrt_dllmain_before_initialize_c 000000018000b820 f   LIBCMTD:utility.obj
 0001:0000a850       __scrt_dllmain_crt_thread_attach 000000018000b850 f   LIBCMTD:utility.obj
 0001:0000a890       __scrt_dllmain_crt_thread_detach 000000018000b890 f   LIBCMTD:utility.obj
 0001:0000a8b0       __scrt_dllmain_exception_filter 000000018000b8b0 f   LIBCMTD:utility.obj
 0001:0000a930       __scrt_dllmain_uninitialize_c 000000018000b930 f   LIBCMTD:utility.obj
 0001:0000a970       __scrt_dllmain_uninitialize_critical 000000018000b970 f   LIBCMTD:utility.obj
 0001:0000a990       __scrt_initialize_crt      000000018000b990 f   LIBCMTD:utility.obj
 0001:0000a9f0       __scrt_initialize_onexit_tables 000000018000b9f0 f   LIBCMTD:utility.obj
 0001:0000ab30       __scrt_is_nonwritable_in_current_image 000000018000bb30 f   LIBCMTD:utility.obj
 0001:0000abe0       __scrt_release_startup_lock 000000018000bbe0 f   LIBCMTD:utility.obj
 0001:0000ac20       __scrt_uninitialize_crt    000000018000bc20 f   LIBCMTD:utility.obj
 0001:0000ac70       _onexit                    000000018000bc70 f   LIBCMTD:utility.obj
 0001:0000ad20       at_quick_exit              000000018000bd20 f   LIBCMTD:utility.obj
 0001:0000ad90       atexit                     000000018000bd90 f   LIBCMTD:utility.obj
 0001:0000add0       _RTC_AllocaHelper          000000018000bdd0 f   LIBCMTD:_stack_.obj
 0001:0000ae20       _RTC_CheckStackVars        000000018000be20 f   LIBCMTD:_stack_.obj
 0001:0000aed0       _RTC_CheckStackVars2       000000018000bed0 f   LIBCMTD:_stack_.obj
 0001:0000b020       _CRT_RTC_INIT              000000018000c020 f   LIBCMTD:_init_.obj
 0001:0000b030       _CRT_RTC_INITW             000000018000c030 f   LIBCMTD:_init_.obj
 0001:0000b040       _RTC_InitBase              000000018000c040 f   LIBCMTD:_init_.obj
 0001:0000b090       _RTC_Shutdown              000000018000c090 f   LIBCMTD:_init_.obj
 0001:0000b0c0       ??1type_info@@UEAA@XZ      000000018000c0c0 f   LIBCMTD:std_type_info_static.obj
 0001:0000b0e0       ??_Etype_info@@UEAAPEAXI@Z 000000018000c0e0 f i LIBCMTD:std_type_info_static.obj
 0001:0000b0e0       ??_Gtype_info@@UEAAPEAXI@Z 000000018000c0e0 f i LIBCMTD:std_type_info_static.obj
 0001:0000b130       __GSHandlerCheck           000000018000c130 f   LIBCMTD:_gshandler_.obj
 0001:0000b180       __GSHandlerCheckCommon     000000018000c180 f   LIBCMTD:_gshandler_.obj
 0001:0000b2d0       __security_check_cookie    000000018000c2d0 f   LIBCMTD:_amdsecgs_.obj
 0001:0000b7f0       _CRT_INIT                  000000018000c7f0 f   LIBCMTD:dll_dllmain.obj
 0001:0000b830       _DllMainCRTStartup         000000018000c830 f   LIBCMTD:dll_dllmain.obj
 0001:0000b880       ??3@YAXPEAX@Z              000000018000c880 f   LIBCMTD:delete_scalar.obj
 0001:0000b8b0       __isa_available_init       000000018000c8b0 f   LIBCMTD:_cpu_disp_.obj
 0001:0000bd10       _get_startup_argv_mode     000000018000cd10 f   LIBCMTD:argv_mode.obj
 0001:0000bd20       __scrt_is_ucrt_dll_in_use  000000018000cd20 f   LIBCMTD:ucrt_detection.obj
 0001:0000bd50       __crt_debugger_hook        000000018000cd50 f   LIBCMTD:utility_desktop.obj
 0001:0000bd70       __scrt_fastfail            000000018000cd70 f   LIBCMTD:utility_desktop.obj
 0001:0000bf70       __scrt_get_show_window_mode 000000018000cf70 f   LIBCMTD:utility_desktop.obj
 0001:0000bfe0       __scrt_initialize_winrt    000000018000cfe0 f   LIBCMTD:utility_desktop.obj
 0001:0000bff0       __scrt_is_managed_app      000000018000cff0 f   LIBCMTD:utility_desktop.obj
 0001:0000c0c0       __scrt_set_unhandled_exception_filter 000000018000d0c0 f   LIBCMTD:utility_desktop.obj
 0001:0000c0e0       __scrt_unhandled_exception_filter 000000018000d0e0 f   LIBCMTD:utility_desktop.obj
 0001:0000c170       _guard_check_icall         000000018000d170 f i LIBCMTD:checkcfg.obj
 0001:0000c190       ??$__vcrt_va_start_verify_argument_type@QEBD@@YAXXZ 000000018000d190 f i LIBCMTD:_error_.obj
 0001:0000c270       ?_RTC_AllocaFailure@@YAXPEAXPEAU_RTC_ALLOCA_NODE@@H@Z 000000018000d270 f   LIBCMTD:_error_.obj
 0001:0000c460       ?_RTC_Failure@@YAXPEAXH@Z  000000018000d460 f   LIBCMTD:_error_.obj
 0001:0000c4d0       ?_RTC_StackFailure@@YAXPEAXPEBD@Z 000000018000d4d0 f   LIBCMTD:_error_.obj
 0001:0000ca60       _RTC_UninitUse             000000018000da60 f   LIBCMTD:_error_.obj
 0001:0000cbd0       __local_stdio_printf_options 000000018000dbd0 f i LIBCMTD:_error_.obj
 0001:0000cbe0       _vsprintf_s_l              000000018000dbe0 f i LIBCMTD:_error_.obj
 0001:0000cc60       sprintf_s                  000000018000dc60 f i LIBCMTD:_error_.obj
 0001:0000ccb0       ?_RTC_GetErrorFunc@@YAP6AHHPEBDH00ZZPEBX@Z 000000018000dcb0 f   LIBCMTD:_userapi_.obj
 0001:0000ccc0       ?_RTC_GetErrorFuncW@@YAP6AHHPEB_WH00ZZPEBX@Z 000000018000dcc0 f   LIBCMTD:_userapi_.obj
 0001:0000ccd0       _RTC_GetErrDesc            000000018000dcd0 f   LIBCMTD:_userapi_.obj
 0001:0000ccf0       _RTC_NumErrors             000000018000dcf0 f   LIBCMTD:_userapi_.obj
 0001:0000cd00       _RTC_SetErrorFunc          000000018000dd00 f   LIBCMTD:_userapi_.obj
 0001:0000cd20       _RTC_SetErrorFuncW         000000018000dd20 f   LIBCMTD:_userapi_.obj
 0001:0000cd40       _RTC_SetErrorType          000000018000dd40 f   LIBCMTD:_userapi_.obj
 0001:0000cd70       __raise_securityfailure    000000018000dd70 f   LIBCMTD:gs_report.obj
 0001:0000cdc0       __report_gsfailure         000000018000ddc0 f   LIBCMTD:gs_report.obj
 0001:0000ced0       __report_rangecheckfailure 000000018000ded0 f   LIBCMTD:gs_report.obj
 0001:0000cef0       __report_securityfailure   000000018000def0 f   LIBCMTD:gs_report.obj
 0001:0000cfc0       __report_securityfailureEx 000000018000dfc0 f   LIBCMTD:gs_report.obj
 0001:0000d2c0       __security_init_cookie     000000018000e2c0 f   LIBCMTD:gs_support.obj
 0001:0000d420       DllMain                    000000018000e420 f   LIBCMTD:dll_dllmain_stub.obj
 0001:0000d440       ?__scrt_initialize_type_info@@YAXXZ 000000018000e440 f   LIBCMTD:tncleanup.obj
 0001:0000d460       ?__scrt_uninitialize_type_info@@YAXXZ 000000018000e460 f   LIBCMTD:tncleanup.obj
 0001:0000d480       __local_stdio_scanf_options 000000018000e480 f i LIBCMTD:default_local_stdio_options.obj
 0001:0000d490       __scrt_initialize_default_local_stdio_options 000000018000e490 f   LIBCMTD:default_local_stdio_options.obj
 0001:0000d4f0       __scrt_get_dyn_tls_init_callback 000000018000e4f0 f   LIBCMTD:dyn_tls_init.obj
 0001:0000d500       _RTC_Initialize            000000018000e500 f   LIBCMTD:_initsect_.obj
 0001:0000d560       _RTC_Terminate             000000018000e560 f   LIBCMTD:_initsect_.obj
 0001:0000d5c0       _guard_check_icall_nop     000000018000e5c0 f i LIBCMTD:guard_support.obj
 0001:0000d5d0       _guard_icall_checks_enforced 000000018000e5d0 f i LIBCMTD:guard_support.obj
 0001:0000dc30       ?_RTC_GetSrcLine@@YAHPEAEPEA_WKPEAH1K@Z 000000018000ec30 f   LIBCMTD:_pdblkup_.obj
 0001:0000e1c0       DwmEnableBlurBehindWindow  000000018000f1c0 f   dwmapi:dwmapi.dll
 0001:0000e1e0       memset                     000000018000f1e0 f   libvcruntimed:memset.obj
 0001:0000e3f0       __vcrt_initialize          000000018000f3f0 f   libvcruntimed:initialization.obj
 0001:0000e440       __vcrt_thread_attach       000000018000f440 f   libvcruntimed:initialization.obj
 0001:0000e460       __vcrt_thread_detach       000000018000f460 f   libvcruntimed:initialization.obj
 0001:0000e480       __vcrt_uninitialize        000000018000f480 f   libvcruntimed:initialization.obj
 0001:0000e4b0       __vcrt_uninitialize_critical 000000018000f4b0 f   libvcruntimed:initialization.obj
 0001:0000e4e0       __C_specific_handler       000000018000f4e0 f   libvcruntimed:_chandler_.obj
 0001:0000ea70       ??$?RD@__crt_internal_free_policy@@QEBAXQEBD@Z 000000018000fa70 f i libvcruntimed:std_type_info.obj
 0001:0000eaa0       ??$?RX@__crt_internal_free_policy@@QEBAXQEBX@Z 000000018000faa0 f i libvcruntimed:std_type_info.obj
 0001:0000ead0       ??$__crt_interlocked_compare_exchange_pointer@$$CBD$$T$$T@@YAPEBDPEDSEBD$$T1@Z 000000018000fad0 f i libvcruntimed:std_type_info.obj
 0001:0000eb20       ??$__crt_interlocked_compare_exchange_pointer@$$CBDPEAD$$T@@YAPEBDPEDSEBDQEAD$$T@Z 000000018000fb20 f i libvcruntimed:std_type_info.obj
 0001:0000eb70       ??$__crt_interlocked_read_pointer@$$CBD@@YAPEBDPEDSEBD@Z 000000018000fb70 f i libvcruntimed:std_type_info.obj
 0001:0000eba0       ??0?$__crt_unique_heap_ptr@DU__crt_internal_free_policy@@@@QEAA@QEAD@Z 000000018000fba0 f i libvcruntimed:std_type_info.obj
 0001:0000ebd0       ??0?$__crt_unique_heap_ptr@XU__crt_internal_free_policy@@@@QEAA@QEAX@Z 000000018000fbd0 f i libvcruntimed:std_type_info.obj
 0001:0000ec00       ??1?$__crt_unique_heap_ptr@DU__crt_internal_free_policy@@@@QEAA@XZ 000000018000fc00 f i libvcruntimed:std_type_info.obj
 0001:0000ec20       ??1?$__crt_unique_heap_ptr@XU__crt_internal_free_policy@@@@QEAA@XZ 000000018000fc20 f i libvcruntimed:std_type_info.obj
 0001:0000ec60       ??B?$__crt_unique_heap_ptr@DU__crt_internal_free_policy@@@@QEBA_NXZ 000000018000fc60 f i libvcruntimed:std_type_info.obj
 0001:0000ec80       ??B?$__crt_unique_heap_ptr@XU__crt_internal_free_policy@@@@QEBA_NXZ 000000018000fc80 f i libvcruntimed:std_type_info.obj
 0001:0000ed10       ?detach@?$__crt_unique_heap_ptr@XU__crt_internal_free_policy@@@@QEAAPEAXXZ 000000018000fd10 f i libvcruntimed:std_type_info.obj
 0001:0000ed50       ?get@?$__crt_unique_heap_ptr@DU__crt_internal_free_policy@@@@QEBAPEADXZ 000000018000fd50 f i libvcruntimed:std_type_info.obj
 0001:0000ed70       ?get@?$__crt_unique_heap_ptr@XU__crt_internal_free_policy@@@@QEBAPEAXXZ 000000018000fd70 f i libvcruntimed:std_type_info.obj
 0001:0000ed90       ?is_valid@?$__crt_unique_heap_ptr@DU__crt_internal_free_policy@@@@QEBA_NXZ 000000018000fd90 f i libvcruntimed:std_type_info.obj
 0001:0000edd0       ?is_valid@?$__crt_unique_heap_ptr@XU__crt_internal_free_policy@@@@QEBA_NXZ 000000018000fdd0 f i libvcruntimed:std_type_info.obj
 0001:0000ee10       ?release@?$__crt_unique_heap_ptr@DU__crt_internal_free_policy@@@@QEAAXXZ 000000018000fe10 f i libvcruntimed:std_type_info.obj
 0001:0000ee50       ?release@?$__crt_unique_heap_ptr@XU__crt_internal_free_policy@@@@QEAAXXZ 000000018000fe50 f i libvcruntimed:std_type_info.obj
 0001:0000ee90       __std_type_info_compare    000000018000fe90 f   libvcruntimed:std_type_info.obj
 0001:0000eee0       __std_type_info_destroy_list 000000018000fee0 f   libvcruntimed:std_type_info.obj
 0001:0000ef50       __std_type_info_hash       000000018000ff50 f   libvcruntimed:std_type_info.obj
 0001:0000f030       __std_type_info_name       0000000180010030 f   libvcruntimed:std_type_info.obj
 0001:0000f3b0       __vcrt_GetModuleFileNameW  00000001800103b0 f   libvcruntimed:winapi_thunks.obj
 0001:0000f3f0       __vcrt_GetModuleHandleW    00000001800103f0 f   libvcruntimed:winapi_thunks.obj
 0001:0000f410       __vcrt_LoadLibraryExW      0000000180010410 f   libvcruntimed:winapi_thunks.obj
 0001:0000f450       ??$?RU__vcrt_ptd@@@__crt_internal_free_policy@@QEBAXQEBU__vcrt_ptd@@@Z 0000000180010450 f i libvcruntimed:per_thread_data.obj
 0001:0000f480       ??0?$__crt_unique_heap_ptr@U__vcrt_ptd@@U__crt_internal_free_policy@@@@QEAA@QEAU__vcrt_ptd@@@Z 0000000180010480 f i libvcruntimed:per_thread_data.obj
 0001:0000f4e0       ??1?$__crt_unique_heap_ptr@U__vcrt_ptd@@U__crt_internal_free_policy@@@@QEAA@XZ 00000001800104e0 f i libvcruntimed:per_thread_data.obj
 0001:0000f530       ??B?$__crt_unique_heap_ptr@U__vcrt_ptd@@U__crt_internal_free_policy@@@@QEBA_NXZ 0000000180010530 f i libvcruntimed:per_thread_data.obj
 0001:0000f550       ?detach@?$__crt_unique_heap_ptr@U__vcrt_ptd@@U__crt_internal_free_policy@@@@QEAAPEAU__vcrt_ptd@@XZ 0000000180010550 f i libvcruntimed:per_thread_data.obj
 0001:0000f590       ?get@?$__crt_unique_heap_ptr@U__vcrt_ptd@@U__crt_internal_free_policy@@@@QEBAPEAU__vcrt_ptd@@XZ 0000000180010590 f i libvcruntimed:per_thread_data.obj
 0001:0000f5b0       ?is_valid@?$__crt_unique_heap_ptr@U__vcrt_ptd@@U__crt_internal_free_policy@@@@QEBA_NXZ 00000001800105b0 f i libvcruntimed:per_thread_data.obj
 0001:0000f5f0       ?release@?$__crt_unique_heap_ptr@U__vcrt_ptd@@U__crt_internal_free_policy@@@@QEAAXXZ 00000001800105f0 f i libvcruntimed:per_thread_data.obj
 0001:0000f670       __vcrt_freefls             0000000180010670 f   libvcruntimed:per_thread_data.obj
 0001:0000f6c0       __vcrt_freeptd             00000001800106c0 f   libvcruntimed:per_thread_data.obj
 0001:0000f740       __vcrt_getptd              0000000180010740 f   libvcruntimed:per_thread_data.obj
 0001:0000f770       __vcrt_getptd_noexit       0000000180010770 f   libvcruntimed:per_thread_data.obj
 0001:0000f980       __vcrt_initialize_ptd      0000000180010980 f   libvcruntimed:per_thread_data.obj
 0001:0000f9e0       __vcrt_uninitialize_ptd    00000001800109e0 f   libvcruntimed:per_thread_data.obj
 0001:0000fa20       __vcrt_initialize_locks    0000000180010a20 f   libvcruntimed:locks.obj
 0001:0000fab0       __vcrt_lock                0000000180010ab0 f   libvcruntimed:locks.obj
 0001:0000faf0       __vcrt_uninitialize_locks  0000000180010af0 f   libvcruntimed:locks.obj
 0001:0000fb60       __vcrt_unlock              0000000180010b60 f   libvcruntimed:locks.obj
 0001:0000fba0       ??$?BX@__crt_fast_encoded_nullptr_t@@QEBAPEAXXZ 0000000180010ba0 f i libvcruntimed:winapi_downlevel.obj
 0001:0000fbc0       ??$__crt_fast_decode_pointer@PEAX@@YAPEAXQEAX@Z 0000000180010bc0 f i libvcruntimed:winapi_downlevel.obj
 0001:0000fc10       ??$__crt_fast_encode_pointer@PEAX@@YAPEAXQEAX@Z 0000000180010c10 f i libvcruntimed:winapi_downlevel.obj
 0001:0000fc60       ??$__crt_interlocked_compare_exchange_pointer@UHINSTANCE__@@$$T$$T@@YAPEAUHINSTANCE__@@PEDSEAU0@$$T1@Z 0000000180010c60 f i libvcruntimed:winapi_downlevel.obj
 0001:0000fcb0       ??$__crt_interlocked_compare_exchange_pointer@X$$T$$T@@YAPEAXPEDSEAX$$T1@Z 0000000180010cb0 f i libvcruntimed:winapi_downlevel.obj
 0001:0000fd00       ??$__crt_interlocked_exchange_pointer@UHINSTANCE__@@PEAU1@@@YAPEAUHINSTANCE__@@PEDSEAU0@QEAU0@@Z 0000000180010d00 f i libvcruntimed:winapi_downlevel.obj
 0001:0000fd20       ??$__crt_interlocked_exchange_pointer@UHINSTANCE__@@PEAX@@YAPEAUHINSTANCE__@@PEDSEAU0@QEAX@Z 0000000180010d20 f i libvcruntimed:winapi_downlevel.obj
 0001:0000fd40       ??$__crt_interlocked_exchange_pointer@XPEAX@@YAPEAXPEDSEAXQEAX@Z 0000000180010d40 f i libvcruntimed:winapi_downlevel.obj
 0001:0000fd60       ??$__crt_interlocked_read_pointer@UHINSTANCE__@@@@YAPEAUHINSTANCE__@@PEDSEAU0@@Z 0000000180010d60 f i libvcruntimed:winapi_downlevel.obj
 0001:0000fd90       ??$__crt_interlocked_read_pointer@X@@YAPEAXPEDSEAX@Z 0000000180010d90 f i libvcruntimed:winapi_downlevel.obj
 0001:0000fdc0       ?__crt_fast_encode_pointer@@YA?AU__crt_fast_encoded_nullptr_t@@$$T@Z 0000000180010dc0 f i libvcruntimed:winapi_downlevel.obj
 0001:00010540       __vcrt_EventRegister       0000000180011540 f   libvcruntimed:winapi_downlevel.obj
 0001:000105c0       __vcrt_EventSetInformation 00000001800115c0 f   libvcruntimed:winapi_downlevel.obj
 0001:00010640       __vcrt_EventUnregister     0000000180011640 f   libvcruntimed:winapi_downlevel.obj
 0001:000106a0       __vcrt_EventWriteTransfer  00000001800116a0 f   libvcruntimed:winapi_downlevel.obj
 0001:00010740       __vcrt_FlsAlloc            0000000180011740 f   libvcruntimed:winapi_downlevel.obj
 0001:000107a0       __vcrt_FlsFree             00000001800117a0 f   libvcruntimed:winapi_downlevel.obj
 0001:00010800       __vcrt_FlsGetValue         0000000180011800 f   libvcruntimed:winapi_downlevel.obj
 0001:00010860       __vcrt_FlsSetValue         0000000180011860 f   libvcruntimed:winapi_downlevel.obj
 0001:000108d0       __vcrt_InitializeCriticalSectionEx 00000001800118d0 f   libvcruntimed:winapi_downlevel.obj
 0001:00010950       __vcrt_initialize_winapi_thunks 0000000180011950 f   libvcruntimed:winapi_downlevel.obj
 0001:000109f0       __vcrt_uninitialize_winapi_thunks 00000001800119f0 f   libvcruntimed:winapi_downlevel.obj
 0001:00010ab0       ??$?B$$A6AXXZ@__crt_fast_encoded_nullptr_t@@QEBAP6AXXZXZ 0000000180011ab0 f i libvcruntimed:purevirt_data.obj
 0001:00010ad0       ??$__crt_fast_encode_pointer@P6AXXZ@@YAP6AXXZQ6AXXZ@Z 0000000180011ad0 f i libvcruntimed:purevirt_data.obj
 0001:00010b20       __vcrt_initialize_pure_virtual_call_handler 0000000180011b20 f   libvcruntimed:purevirt_data.obj
 0001:00010b60       _local_unwind              0000000180011b60 f   libvcruntimed:_jmpuwind_.obj
 0001:00010b90       _NLG_Notify                0000000180011b90 f   libvcruntimed:_jmpuwind_.obj
 0001:00010bb0       __NLG_Dispatch2            0000000180011bb0 f   libvcruntimed:_jmpuwind_.obj
 0001:00010bc0       __NLG_Return2              0000000180011bc0 f   libvcruntimed:_jmpuwind_.obj
 0001:00010be0       __except_validate_context_record 0000000180011be0 f   libvcruntimed:jbcxrval.obj
 0001:00010c50       __except_validate_jump_buffer 0000000180011c50 f   libvcruntimed:jbcxrval.obj
 0001:00010ce0       ??0Block@_HeapManager@@QEAA@XZ 0000000180011ce0 f i libvcruntimed:undname.obj
 0001:00010d00       ??0DName@@QEAA@AEAPEBDD@Z  0000000180011d00 f   libvcruntimed:undname.obj
 0001:00011120       ??0DName@@QEAA@AEBV0@@Z    0000000180012120 f i libvcruntimed:undname.obj
 0001:00011150       ??0DName@@QEAA@D@Z         0000000180012150 f   libvcruntimed:undname.obj
 0001:00011290       ??0DName@@QEAA@PEAV0@@Z    0000000180012290 f   libvcruntimed:undname.obj
 0001:00011470       ??0DName@@QEAA@PEBD@Z      0000000180012470 f   libvcruntimed:undname.obj
 0001:000115c0       ??0DName@@QEAA@W4DNameStatus@@@Z 00000001800125c0 f   libvcruntimed:undname.obj
 0001:00011760       ??0DName@@QEAA@XZ          0000000180012760 f i libvcruntimed:undname.obj
 0001:00011860       ??0DName@@QEAA@_J@Z        0000000180012860 f   libvcruntimed:undname.obj
 0001:00011a90       ??0DName@@QEAA@_K@Z        0000000180012a90 f   libvcruntimed:undname.obj
 0001:00011c70       ??0DNameNode@@IEAA@XZ      0000000180012c70 f   libvcruntimed:undname.obj
 0001:00011c90       ??0DNameStatusNode@@AEAA@W4DNameStatus@@@Z 0000000180012c90 f   libvcruntimed:undname.obj
 0001:00011d10       ??0Replicator@@QEAA@XZ     0000000180012d10 f i libvcruntimed:undname.obj
 0001:00011d30       ??0UnDecorator@@QEAA@PEADPEBDHP6APEADJ@ZK@Z 0000000180012d30 f i libvcruntimed:undname.obj
 0001:00011e30       ??0charNode@@QEAA@D@Z      0000000180012e30 f   libvcruntimed:undname.obj
 0001:00011e80       ??0pDNameNode@@QEAA@PEAVDName@@@Z 0000000180012e80 f   libvcruntimed:undname.obj
 0001:00011f20       ??0pairNode@@QEAA@PEAVDNameNode@@0@Z 0000000180012f20 f   libvcruntimed:undname.obj
 0001:00011fa0       ??0pcharNode@@QEAA@PEBDH@Z 0000000180012fa0 f   libvcruntimed:undname.obj
 0001:000120a0       ??2@YAPEAX_KAEAV_HeapManager@@H@Z 00000001800130a0 f i libvcruntimed:undname.obj
 0001:000120e0       ??4DName@@QEAAAEAV0@AEBV0@@Z 00000001800130e0 f   libvcruntimed:undname.obj
 0001:00012110       ??4DName@@QEAAAEAV0@D@Z    0000000180013110 f i libvcruntimed:undname.obj
 0001:00012250       ??4DName@@QEAAAEAV0@PEAV0@@Z 0000000180013250 f   libvcruntimed:undname.obj
 0001:00012420       ??4DName@@QEAAAEAV0@PEBD@Z 0000000180013420 f   libvcruntimed:undname.obj
 0001:00012560       ??4DName@@QEAAAEAV0@W4DNameStatus@@@Z 0000000180013560 f   libvcruntimed:undname.obj
 0001:000126d0       ??AReplicator@@QEBA?AVDName@@H@Z 00000001800136d0 f   libvcruntimed:undname.obj
 0001:00012780       ??BUnDecorator@@QEAAPEADXZ 0000000180013780 f i libvcruntimed:undname.obj
 0001:00012b80       ??H@YA?AVDName@@DAEBV0@@Z  0000000180013b80 f i libvcruntimed:undname.obj
 0001:00012bd0       ??H@YA?AVDName@@PEBDAEBV0@@Z 0000000180013bd0 f i libvcruntimed:undname.obj
 0001:00012c20       ??H@YA?AVDName@@W4DNameStatus@@AEBV0@@Z 0000000180013c20 f i libvcruntimed:undname.obj
 0001:00012c70       ??HDName@@QEBA?AV0@AEBV0@@Z 0000000180013c70 f   libvcruntimed:undname.obj
 0001:00012cd0       ??HDName@@QEBA?AV0@D@Z     0000000180013cd0 f   libvcruntimed:undname.obj
 0001:00012d30       ??HDName@@QEBA?AV0@PEAV0@@Z 0000000180013d30 f   libvcruntimed:undname.obj
 0001:00012d90       ??HDName@@QEBA?AV0@PEBD@Z  0000000180013d90 f   libvcruntimed:undname.obj
 0001:00012df0       ??HDName@@QEBA?AV0@W4DNameStatus@@@Z 0000000180013df0 f   libvcruntimed:undname.obj
 0001:00012e50       ??YDName@@QEAAAEAV0@AEBV0@@Z 0000000180013e50 f   libvcruntimed:undname.obj
 0001:00012ef0       ??YDName@@QEAAAEAV0@D@Z    0000000180013ef0 f   libvcruntimed:undname.obj
 0001:00012fc0       ??YDName@@QEAAAEAV0@PEAV0@@Z 0000000180013fc0 f   libvcruntimed:undname.obj
 0001:000130e0       ??YDName@@QEAAAEAV0@PEBD@Z 00000001800140e0 f   libvcruntimed:undname.obj
 0001:000131d0       ??YDName@@QEAAAEAV0@W4DNameStatus@@@Z 00000001800141d0 f   libvcruntimed:undname.obj
 0001:00013260       ??YReplicator@@QEAAAEAV0@AEBVDName@@@Z 0000000180014260 f   libvcruntimed:undname.obj
 0001:00013350       ??_5DName@@QEAAAEAV0@AEBV0@@Z 0000000180014350 f   libvcruntimed:undname.obj
 0001:000133d0       ?Constructor@_HeapManager@@QEAAXP6APEAX_K@ZP6AXPEAX@Z@Z 00000001800143d0 f i libvcruntimed:undname.obj
 0001:00013440       ?Destructor@_HeapManager@@QEAAXXZ 0000000180014440 f i libvcruntimed:undname.obj
 0001:000134e0       ?UScore@UnDecorator@@SAPEBDW4Tokens@@@Z 00000001800144e0 f   libvcruntimed:undname.obj
 0001:00013530       ?append@DName@@AEAAXPEAVDNameNode@@@Z 0000000180014530 f   libvcruntimed:undname.obj
 0001:00013610       ?composeDeclaration@UnDecorator@@CA?AVDName@@AEBV2@@Z 0000000180014610 f i libvcruntimed:undname.obj
 0001:00015f00       ?dbGetString@DName@@QEBAPEADXZ 0000000180016f00 f   libvcruntimed:undname.obj
 0001:00015f40       ?doAccessSpecifiers@UnDecorator@@SAHXZ 0000000180016f40 f i libvcruntimed:undname.obj
 0001:00015f80       ?doAllocationLanguage@UnDecorator@@SAHXZ 0000000180016f80 f i libvcruntimed:undname.obj
 0001:00015fc0       ?doAllocationModel@UnDecorator@@SAHXZ 0000000180016fc0 f i libvcruntimed:undname.obj
 0001:00016000       ?doEcsu@UnDecorator@@SAHXZ 0000000180017000 f i libvcruntimed:undname.obj
 0001:00016040       ?doEllipsis@UnDecorator@@SAHXZ 0000000180017040 f i libvcruntimed:undname.obj
 0001:00016080       ?doFunctionReturns@UnDecorator@@SAHXZ 0000000180017080 f i libvcruntimed:undname.obj
 0001:000160c0       ?doMSKeywords@UnDecorator@@SAHXZ 00000001800170c0 f i libvcruntimed:undname.obj
 0001:00016100       ?doMemberTypes@UnDecorator@@SAHXZ 0000000180017100 f i libvcruntimed:undname.obj
 0001:00016140       ?doNameOnly@UnDecorator@@SAHXZ 0000000180017140 f i libvcruntimed:undname.obj
 0001:00016150       ?doNoIdentCharCheck@UnDecorator@@SAHXZ 0000000180017150 f i libvcruntimed:undname.obj
 0001:00016160       ?doPchar@DName@@AEAAXPEBDH@Z 0000000180017160 f   libvcruntimed:undname.obj
 0001:00016350       ?doPtr64@UnDecorator@@SAHXZ 0000000180017350 f i libvcruntimed:undname.obj
 0001:00016390       ?doRestrictionSpec@UnDecorator@@SAHXZ 0000000180017390 f i libvcruntimed:undname.obj
 0001:000163d0       ?doThisTypes@UnDecorator@@SAHXZ 00000001800173d0 f i libvcruntimed:undname.obj
 0001:00016410       ?doThrowTypes@UnDecorator@@SAHXZ 0000000180017410 f i libvcruntimed:undname.obj
 0001:00016450       ?doTypeOnly@UnDecorator@@SAHXZ 0000000180017450 f i libvcruntimed:undname.obj
 0001:00016460       ?doUnderScore@UnDecorator@@SAHXZ 0000000180017460 f i libvcruntimed:undname.obj
 0001:000164a0       ?getArgumentList@UnDecorator@@CA?AVDName@@XZ 00000001800174a0 f   libvcruntimed:undname.obj
 0001:000166a0       ?getArgumentTypes@UnDecorator@@CA?AVDName@@XZ 00000001800176a0 f   libvcruntimed:undname.obj
 0001:000168d0       ?getArrayType@UnDecorator@@CA?AVDName@@AEBV2@@Z 00000001800178d0 f i libvcruntimed:undname.obj
 0001:00016c80       ?getBasedType@UnDecorator@@CA?AVDName@@XZ 0000000180017c80 f   libvcruntimed:undname.obj
 0001:00016db0       ?getBasicDataType@UnDecorator@@CA?AVDName@@AEBV2@@Z 0000000180017db0 f   libvcruntimed:undname.obj
 0001:000176d0       ?getCallIndex@UnDecorator@@CA?AVDName@@XZ 00000001800186d0 f i libvcruntimed:undname.obj
 0001:00017700       ?getCallingConvention@UnDecorator@@CA?AVDName@@XZ 0000000180018700 f   libvcruntimed:undname.obj
 0001:00017970       ?getDataIndirectType@UnDecorator@@CA?AVDName@@AEBV2@PEBD0H@Z 0000000180018970 f   libvcruntimed:undname.obj
 0001:00018650       ?getDataIndirectType@UnDecorator@@CA?AVDName@@XZ 0000000180019650 f i libvcruntimed:undname.obj
 0001:000186c0       ?getDataType@UnDecorator@@CA?AVDName@@PEAV2@@Z 00000001800196c0 f   libvcruntimed:undname.obj
 0001:000188b0       ?getDecoratedName@UnDecorator@@CA?AVDName@@XZ 00000001800198b0 f   libvcruntimed:undname.obj
 0001:00018db0       ?getDimension@UnDecorator@@CA?AVDName@@_N@Z 0000000180019db0 f   libvcruntimed:undname.obj
 0001:000191f0       ?getDispatchTarget@UnDecorator@@CA?AVDName@@XZ 000000018001a1f0 f   libvcruntimed:undname.obj
 0001:000192f0       ?getDisplacement@UnDecorator@@CA?AVDName@@XZ 000000018001a2f0 f i libvcruntimed:undname.obj
 0001:00019320       ?getECSUDataType@UnDecorator@@CA?AVDName@@XZ 000000018001a320 f   libvcruntimed:undname.obj
 0001:000195f0       ?getECSUName@UnDecorator@@CA?AVDName@@XZ 000000018001a5f0 f i libvcruntimed:undname.obj
 0001:00019620       ?getEnumType@UnDecorator@@CA?AVDName@@XZ 000000018001a620 f i libvcruntimed:undname.obj
 0001:00019800       ?getExtendedDataIndirectType@UnDecorator@@CA?AVDName@@AEAPEBDAEA_NH@Z 000000018001a800 f   libvcruntimed:undname.obj
 0001:00019bf0       ?getExternalDataType@UnDecorator@@CA?AVDName@@AEBV2@@Z 000000018001abf0 f i libvcruntimed:undname.obj
 0001:00019cf0       ?getFunctionIndirectType@UnDecorator@@CA?AVDName@@AEBV2@@Z 000000018001acf0 f   libvcruntimed:undname.obj
 0001:0001a3f0       ?getGuardNumber@UnDecorator@@CA?AVDName@@XZ 000000018001b3f0 f i libvcruntimed:undname.obj
 0001:0001a420       ?getLastChar@DName@@QEBADXZ 000000018001b420 f i libvcruntimed:undname.obj
 0001:0001a490       ?getLastChar@DNameStatusNode@@UEBADXZ 000000018001b490 f i libvcruntimed:undname.obj
 0001:0001a4e0       ?getLastChar@charNode@@UEBADXZ 000000018001b4e0 f i libvcruntimed:undname.obj
 0001:0001a500       ?getLastChar@pDNameNode@@UEBADXZ 000000018001b500 f i libvcruntimed:undname.obj
 0001:0001a550       ?getLastChar@pairNode@@UEBADXZ 000000018001b550 f i libvcruntimed:undname.obj
 0001:0001a610       ?getLastChar@pcharNode@@UEBADXZ 000000018001b610 f i libvcruntimed:undname.obj
 0001:0001a660       ?getLexicalFrame@UnDecorator@@CA?AVDName@@XZ 000000018001b660 f i libvcruntimed:undname.obj
 0001:0001a6b0       ?getMemory@_HeapManager@@QEAAPEAX_KH@Z 000000018001b6b0 f   libvcruntimed:undname.obj
 0001:0001a890       ?getNumberOfDimensions@UnDecorator@@CAHXZ 000000018001b890 f   libvcruntimed:undname.obj
 0001:0001aa00       ?getOperatorName@UnDecorator@@CA?AVDName@@_NPEA_N@Z 000000018001ba00 f i libvcruntimed:undname.obj
 0001:0001bae0       ?getPointerType@UnDecorator@@CA?AVDName@@AEBV2@0@Z 000000018001cae0 f i libvcruntimed:undname.obj
 0001:0001bb40       ?getPointerTypeArray@UnDecorator@@CA?AVDName@@AEBV2@0@Z 000000018001cb40 f i libvcruntimed:undname.obj
 0001:0001bba0       ?getPrimaryDataType@UnDecorator@@CA?AVDName@@AEBV2@@Z 000000018001cba0 f   libvcruntimed:undname.obj
 0001:0001c1c0       ?getPtrRefDataType@UnDecorator@@CA?AVDName@@AEBV2@H@Z 000000018001d1c0 f   libvcruntimed:undname.obj
 0001:0001c410       ?getPtrRefType@UnDecorator@@CA?AVDName@@AEBV2@0PEBD@Z 000000018001d410 f   libvcruntimed:undname.obj
 0001:0001c6b0       ?getReferenceType@UnDecorator@@CA?AVDName@@AEBV2@0PEBD@Z 000000018001d6b0 f i libvcruntimed:undname.obj
 0001:0001c700       ?getRestrictionSpec@UnDecorator@@CA?AVDName@@XZ 000000018001d700 f   libvcruntimed:undname.obj
 0001:0001c900       ?getReturnType@UnDecorator@@CA?AVDName@@PEAV2@@Z 000000018001d900 f   libvcruntimed:undname.obj
 0001:0001c980       ?getScope@UnDecorator@@CA?AVDName@@XZ 000000018001d980 f   libvcruntimed:undname.obj
 0001:0001d0f0       ?getScopedName@UnDecorator@@CA?AVDName@@XZ 000000018001e0f0 f   libvcruntimed:undname.obj
 0001:0001d2b0       ?getSignedDimension@UnDecorator@@CA?AVDName@@XZ 000000018001e2b0 f   libvcruntimed:undname.obj
 0001:0001d360       ?getStorageConvention@UnDecorator@@CA?AVDName@@XZ 000000018001e360 f i libvcruntimed:undname.obj
 0001:0001d390       ?getString@DName@@QEBAPEADPEAD0@Z 000000018001e390 f i libvcruntimed:undname.obj
 0001:0001d420       ?getString@DName@@QEBAPEADPEADH@Z 000000018001e420 f i libvcruntimed:undname.obj
 0001:0001d500       ?getString@DNameStatusNode@@UEBAPEADPEAD0@Z 000000018001e500 f i libvcruntimed:undname.obj
 0001:0001d560       ?getString@charNode@@UEBAPEADPEAD0@Z 000000018001e560 f i libvcruntimed:undname.obj
 0001:0001d5b0       ?getString@pDNameNode@@UEBAPEADPEAD0@Z 000000018001e5b0 f i libvcruntimed:undname.obj
 0001:0001d620       ?getString@pairNode@@UEBAPEADPEAD0@Z 000000018001e620 f i libvcruntimed:undname.obj
 0001:0001d710       ?getString@pcharNode@@UEBAPEADPEAD0@Z 000000018001e710 f i libvcruntimed:undname.obj
 0001:0001d760       ?getStringEncoding@UnDecorator@@CA?AVDName@@PEADH@Z 000000018001e760 f   libvcruntimed:undname.obj
 0001:0001d8f0       ?getStringHelper@@YAPEADPEAD00H@Z 000000018001e8f0 f i libvcruntimed:undname.obj
 0001:0001d970       ?getSymbolName@UnDecorator@@CA?AVDName@@XZ 000000018001e970 f i libvcruntimed:undname.obj
 0001:0001da30       ?getTemplateArgumentList@UnDecorator@@CA?AVDName@@XZ 000000018001ea30 f   libvcruntimed:undname.obj
 0001:0001dfc0       ?getTemplateConstant@UnDecorator@@CA?AVDName@@XZ 000000018001efc0 f   libvcruntimed:undname.obj
 0001:0001e810       ?getTemplateName@UnDecorator@@CA?AVDName@@_N@Z 000000018001f810 f   libvcruntimed:undname.obj
 0001:0001eae0       ?getThisType@UnDecorator@@CA?AVDName@@XZ 000000018001fae0 f i libvcruntimed:undname.obj
 0001:0001eb50       ?getThrowTypes@UnDecorator@@CA?AVDName@@XZ 000000018001fb50 f   libvcruntimed:undname.obj
 0001:0001ec70       ?getTypeEncoding@UnDecorator@@CAHXZ 000000018001fc70 f i libvcruntimed:undname.obj
 0001:0001faf0       ?getVCallThunkType@UnDecorator@@CA?AVDName@@XZ 0000000180020af0 f i libvcruntimed:undname.obj
 0001:0001fb90       ?getVbTableType@UnDecorator@@CA?AVDName@@AEBV2@@Z 0000000180020b90 f i libvcruntimed:undname.obj
 0001:0001fbc0       ?getVdispMapType@UnDecorator@@CA?AVDName@@AEBV2@@Z 0000000180020bc0 f i libvcruntimed:undname.obj
 0001:0001fc70       ?getVfTableType@UnDecorator@@CA?AVDName@@AEBV2@@Z 0000000180020c70 f i libvcruntimed:undname.obj
 0001:0001ff20       ?getZName@UnDecorator@@CA?AVDName@@_N0@Z 0000000180020f20 f   libvcruntimed:undname.obj
 0001:000203b0       ?haveTemplateParameters@UnDecorator@@SAHXZ 00000001800213b0 f i libvcruntimed:undname.obj
 0001:000203c0       ?isArray@DName@@QEBAHXZ    00000001800213c0 f i libvcruntimed:undname.obj
 0001:000203e0       ?isComArray@DName@@QEBAHXZ 00000001800213e0 f i libvcruntimed:undname.obj
 0001:00020400       ?isEmpty@DName@@QEBAHXZ    0000000180021400 f i libvcruntimed:undname.obj
 0001:00020440       ?isFull@Replicator@@QEBAHXZ 0000000180021440 f i libvcruntimed:undname.obj
 0001:00020480       ?isNoTE@DName@@QEBAHXZ     0000000180021480 f i libvcruntimed:undname.obj
 0001:000204a0       ?isPinPtr@DName@@QEBAHXZ   00000001800214a0 f i libvcruntimed:undname.obj
 0001:000204c0       ?isPtrRef@DName@@QEBAHXZ   00000001800214c0 f i libvcruntimed:undname.obj
 0001:000204e0       ?isUDC@DName@@QEBAHXZ      00000001800214e0 f i libvcruntimed:undname.obj
 0001:00020540       ?isUDTThunk@DName@@QEBAHXZ 0000000180021540 f i libvcruntimed:undname.obj
 0001:000205a0       ?isVCallThunk@DName@@QEBAHXZ 00000001800215a0 f i libvcruntimed:undname.obj
 0001:000205c0       ?isValid@DName@@QEBAHXZ    00000001800215c0 f i libvcruntimed:undname.obj
 0001:00020610       ?length@DName@@QEBAHXZ     0000000180021610 f i libvcruntimed:undname.obj
 0001:00020680       ?length@DNameStatusNode@@UEBAHXZ 0000000180021680 f i libvcruntimed:undname.obj
 0001:000206a0       ?length@charNode@@UEBAHXZ  00000001800216a0 f i libvcruntimed:undname.obj
 0001:000206b0       ?length@pDNameNode@@UEBAHXZ 00000001800216b0 f i libvcruntimed:undname.obj
 0001:00020700       ?length@pairNode@@UEBAHXZ  0000000180021700 f i libvcruntimed:undname.obj
 0001:000207e0       ?length@pcharNode@@UEBAHXZ 00000001800217e0 f i libvcruntimed:undname.obj
 0001:00020800       ?make@DNameStatusNode@@SAPEAV1@W4DNameStatus@@@Z 0000000180021800 f i libvcruntimed:undname.obj
 0001:000208d0       ?setIsArray@DName@@QEAAXXZ 00000001800218d0 f i libvcruntimed:undname.obj
 0001:000208f0       ?setIsComArray@DName@@QEAAXXZ 00000001800218f0 f i libvcruntimed:undname.obj
 0001:00020910       ?setIsNoTE@DName@@QEAAXXZ  0000000180021910 f i libvcruntimed:undname.obj
 0001:00020930       ?setIsPinPtr@DName@@QEAAXXZ 0000000180021930 f i libvcruntimed:undname.obj
 0001:00020950       ?setIsUDC@DName@@QEAAXXZ   0000000180021950 f i libvcruntimed:undname.obj
 0001:00020990       ?setIsVCallThunk@DName@@QEAAXXZ 0000000180021990 f i libvcruntimed:undname.obj
 0001:000209b0       ?setPtrRef@DName@@QEAAAEAV1@XZ 00000001800219b0 f i libvcruntimed:undname.obj
 0001:000209e0       ?status@DName@@QEBA?AW4DNameStatus@@XZ 00000001800219e0 f i libvcruntimed:undname.obj
 0001:00020b50       __unDName                  0000000180021b50 f   libvcruntimed:undname.obj
 0001:00020c50       __unDNameEx                0000000180021c50 f   libvcruntimed:undname.obj
 0001:00020d50       ??$__crt_fast_decode_pointer@P6AXXZ@@YAP6AXXZQ6AXXZ@Z 0000000180021d50 f i libvcruntimed:purevirt.obj
 0001:00020da0       ??$__crt_interlocked_compare_exchange_pointer@$$A6AXXZ$$T$$T@@YAP6AXXZPEDS6AXXZ$$T1@Z 0000000180021da0 f i libvcruntimed:purevirt.obj
 0001:00020df0       ??$__crt_interlocked_exchange_pointer@$$A6AXXZP6AXXZ@@YAP6AXXZPEDS6AXXZQ6AXXZ@Z 0000000180021df0 f i libvcruntimed:purevirt.obj
 0001:00020e10       ??$__crt_interlocked_read_pointer@$$A6AXXZ@@YAP6AXXZPEDS6AXXZ@Z 0000000180021e10 f i libvcruntimed:purevirt.obj
 0001:00020e40       _get_purecall_handler      0000000180021e40 f   libvcruntimed:purevirt.obj
 0001:00020e70       _purecall                  0000000180021e70 f   libvcruntimed:purevirt.obj
 0001:00020ec0       _set_purecall_handler      0000000180021ec0 f   libvcruntimed:purevirt.obj
 0001:00020f00       ??$__crt_interlocked_read@J@@YAJPEDJ@Z 0000000180021f00 f i libucrtd:assert.obj
 0001:00020f20       ??$__vcrt_va_start_verify_argument_type@QEB_W@@YAXXZ 0000000180021f20 f i libucrtd:assert.obj
 0001:00023820       ??$ftprintf@PEAU_iobuf@@PEBDAEBQEBDAEBQEBDAEBI@?$__crt_char_traits@D@@SAH$$QEAPEAU_iobuf@@$$QEAPEBDAEBQEBD2AEBI@Z 0000000180024820 f i libucrtd:assert.obj
 0001:00023880       ??$ftprintf@PEAU_iobuf@@PEB_WAEBQEB_WAEBQEB_WAEBI@?$__crt_char_traits@_W@@SAH$$QEAPEAU_iobuf@@$$QEAPEB_WAEBQEB_W2AEBI@Z 0000000180024880 f i libucrtd:assert.obj
 0001:000238e0       ??$get_module_file_name@AEAPEAUHINSTANCE__@@AEAY0BAF@DK@?$__crt_char_traits@D@@SAKAEAPEAUHINSTANCE__@@AEAY0BAF@D$$QEAK@Z 00000001800248e0 f i libucrtd:assert.obj
 0001:00023920       ??$get_module_file_name@AEAPEAUHINSTANCE__@@AEAY0BAF@_WK@?$__crt_char_traits@_W@@SAKAEAPEAUHINSTANCE__@@AEAY0BAF@_W$$QEAK@Z 0000000180024920 f i libucrtd:assert.obj
 0001:00023960       ??$itot_s@AEBIQEAD$$CB_KH@?$__crt_char_traits@D@@SAHAEBI$$QEBQEAD$$QEB_K$$QEAH@Z 0000000180024960 f i libucrtd:assert.obj
 0001:000239c0       ??$itot_s@AEBIQEA_W$$CB_KH@?$__crt_char_traits@_W@@SAHAEBI$$QEBQEA_W$$QEB_K$$QEAH@Z 00000001800249c0 f i libucrtd:assert.obj
 0001:00023a20       ??$show_message_box@AEAY0CEA@DPEBDJ@?$__crt_char_traits@D@@SAHAEAY0CEA@D$$QEAPEBD$$QEAJ@Z 0000000180024a20 f i libucrtd:assert.obj
 0001:00023a60       ??$show_message_box@AEAY0CEA@_WPEB_WJ@?$__crt_char_traits@_W@@SAHAEAY0CEA@_W$$QEAPEB_W$$QEAJ@Z 0000000180024a60 f i libucrtd:assert.obj
 0001:00023aa0       ??$tcscat_s@AEBQEADAEB_KAEAPEAD@?$__crt_char_traits@D@@SAHAEBQEADAEB_KAEAPEAD@Z 0000000180024aa0 f i libucrtd:assert.obj
 0001:00023af0       ??$tcscat_s@AEBQEADAEB_KAEBQEBD@?$__crt_char_traits@D@@SAHAEBQEADAEB_KAEBQEBD@Z 0000000180024af0 f i libucrtd:assert.obj
 0001:00023b40       ??$tcscat_s@AEBQEADAEB_KPEBD@?$__crt_char_traits@D@@SAHAEBQEADAEB_K$$QEAPEBD@Z 0000000180024b40 f i libucrtd:assert.obj
 0001:00023b90       ??$tcscat_s@AEBQEA_WAEB_KAEAPEA_W@?$__crt_char_traits@_W@@SAHAEBQEA_WAEB_KAEAPEA_W@Z 0000000180024b90 f i libucrtd:assert.obj
 0001:00023be0       ??$tcscat_s@AEBQEA_WAEB_KAEBQEB_W@?$__crt_char_traits@_W@@SAHAEBQEA_WAEB_KAEBQEB_W@Z 0000000180024be0 f i libucrtd:assert.obj
 0001:00023c30       ??$tcscat_s@AEBQEA_WAEB_KPEB_W@?$__crt_char_traits@_W@@SAHAEBQEA_WAEB_K$$QEAPEB_W@Z 0000000180024c30 f i libucrtd:assert.obj
 0001:00023c80       ??$tcscpy_s@AEAY0BAF@D_KPEBD@?$__crt_char_traits@D@@SAHAEAY0BAF@D$$QEA_K$$QEAPEBD@Z 0000000180024c80 f i libucrtd:assert.obj
 0001:00023cc0       ??$tcscpy_s@AEAY0BAF@_W_KPEB_W@?$__crt_char_traits@_W@@SAHAEAY0BAF@_W$$QEA_K$$QEAPEB_W@Z 0000000180024cc0 f i libucrtd:assert.obj
 0001:00023d00       ??$tcscpy_s@AEBQEADAEB_KPEBD@?$__crt_char_traits@D@@SAHAEBQEADAEB_K$$QEAPEBD@Z 0000000180024d00 f i libucrtd:assert.obj
 0001:00023d50       ??$tcscpy_s@AEBQEA_WAEB_KPEB_W@?$__crt_char_traits@_W@@SAHAEBQEA_WAEB_K$$QEAPEB_W@Z 0000000180024d50 f i libucrtd:assert.obj
 0001:00023da0       ??$tcslen@AEAY0BAF@D@?$__crt_char_traits@D@@SA_KAEAY0BAF@D@Z 0000000180024da0 f i libucrtd:assert.obj
 0001:00023dc0       ??$tcslen@AEAY0BAF@_W@?$__crt_char_traits@_W@@SA_KAEAY0BAF@_W@Z 0000000180024dc0 f i libucrtd:assert.obj
 0001:00023de0       ??$tcslen@AEBQEAD@?$__crt_char_traits@D@@SA_KAEBQEAD@Z 0000000180024de0 f i libucrtd:assert.obj
 0001:00023e10       ??$tcslen@AEBQEA_W@?$__crt_char_traits@_W@@SA_KAEBQEA_W@Z 0000000180024e10 f i libucrtd:assert.obj
 0001:00023e40       ??$tcslen@AEBQEBD@?$__crt_char_traits@D@@SA_KAEBQEBD@Z 0000000180024e40 f i libucrtd:assert.obj
 0001:00023e70       ??$tcslen@AEBQEB_W@?$__crt_char_traits@_W@@SA_KAEBQEB_W@Z 0000000180024e70 f i libucrtd:assert.obj
 0001:00023ea0       ??$tcsncat_s@AEBQEADAEB_KAEAPEBD_K@?$__crt_char_traits@D@@SAHAEBQEADAEB_KAEAPEBD$$QEA_K@Z 0000000180024ea0 f i libucrtd:assert.obj
 0001:00023f00       ??$tcsncat_s@AEBQEADAEB_KAEBQEBDAEB_K@?$__crt_char_traits@D@@SAHAEBQEADAEB_KAEBQEBD1@Z 0000000180024f00 f i libucrtd:assert.obj
 0001:00023f60       ??$tcsncat_s@AEBQEADAEB_KPEBD_K@?$__crt_char_traits@D@@SAHAEBQEADAEB_K$$QEAPEBD$$QEA_K@Z 0000000180024f60 f i libucrtd:assert.obj
 0001:00023fc0       ??$tcsncat_s@AEBQEA_WAEB_KAEAPEB_W_K@?$__crt_char_traits@_W@@SAHAEBQEA_WAEB_KAEAPEB_W$$QEA_K@Z 0000000180024fc0 f i libucrtd:assert.obj
 0001:00024020       ??$tcsncat_s@AEBQEA_WAEB_KAEBQEB_WAEB_K@?$__crt_char_traits@_W@@SAHAEBQEA_WAEB_KAEBQEB_W1@Z 0000000180025020 f i libucrtd:assert.obj
 0001:00024080       ??$tcsncat_s@AEBQEA_WAEB_KPEB_W_K@?$__crt_char_traits@_W@@SAHAEBQEA_WAEB_K$$QEAPEB_W$$QEA_K@Z 0000000180025080 f i libucrtd:assert.obj
 0001:000240e0       ??0__crt_stdio_stream@@QEAA@QEAU_iobuf@@@Z 00000001800250e0 f i libucrtd:assert.obj
 0001:00024110       ?__crt_interlocked_read_32@@YAHPEDH@Z 0000000180025110 f i libucrtd:assert.obj
 0001:00024380       ?get_flags@__crt_stdio_stream@@QEBAJXZ 0000000180025380 f i libucrtd:assert.obj
 0001:00024470       ?has_any_buffer@__crt_stdio_stream@@QEBA_NXZ 0000000180025470 f i libucrtd:assert.obj
 0001:000244a0       ?has_any_of@__crt_stdio_stream@@QEBA_NJ@Z 00000001800254a0 f i libucrtd:assert.obj
 0001:000244f0       _assert                    00000001800254f0 f   libucrtd:assert.obj
 0001:00024540       _invoke_watson_if_error    0000000180025540 f i libucrtd:assert.obj
 0001:000245a0       _vfprintf_l                00000001800255a0 f i libucrtd:assert.obj
 0001:00024600       _vfwprintf_l               0000000180025600 f i libucrtd:assert.obj
 0001:00024660       _vswprintf_c_l             0000000180025660 f i libucrtd:assert.obj
 0001:000246f0       _wassert                   00000001800256f0 f   libucrtd:assert.obj
 0001:00024740       fprintf                    0000000180025740 f i libucrtd:assert.obj
 0001:000247b0       fwprintf                   00000001800257b0 f i libucrtd:assert.obj
 0001:000249b0       swprintf                   00000001800259b0 f i libucrtd:assert.obj
 0001:00024a30       ??0_LocaleUpdate@@QEAA@QEAU__crt_locale_pointers@@@Z 0000000180025a30 f i libucrtd:stricmp.obj
 0001:00024ba0       ??1_LocaleUpdate@@QEAA@XZ  0000000180025ba0 f i libucrtd:stricmp.obj
 0001:00024be0       ?GetLocaleT@_LocaleUpdate@@QEAAPEAU__crt_locale_pointers@@XZ 0000000180025be0 f i libucrtd:stricmp.obj
 0001:00024c00       __acrt_locale_changed      0000000180025c00 f i libucrtd:stricmp.obj
 0001:00024c40       __ascii_stricmp            0000000180025c40 f   libucrtd:stricmp.obj
 0001:00024d10       _stricmp                   0000000180025d10 f   libucrtd:stricmp.obj
 0001:00024f10       _stricmp_l                 0000000180025f10 f   libucrtd:stricmp.obj
 0001:000252e0       _seh_filter_dll            00000001800262e0 f   libucrtd:exception_filter.obj
 0001:00025320       _seh_filter_exe            0000000180026320 f   libucrtd:exception_filter.obj
 0001:00025670       ??$?B$$A6AXPEAXK0@Z@__crt_fast_encoded_nullptr_t@@QEBAP6AXPEAXK0@ZXZ 0000000180026670 f i libucrtd:exit.obj
 0001:00025690       ??$__crt_fast_decode_pointer@P6AXPEAXK0@Z@@YAP6AXPEAXK0@ZQ6AX0K0@Z@Z 0000000180026690 f i libucrtd:exit.obj
 0001:000256e0       ??$__crt_fast_encode_pointer@P6AXPEAXK0@Z@@YAP6AXPEAXK0@ZQ6AX0K0@Z@Z 00000001800266e0 f i libucrtd:exit.obj
 0001:00025730       ??$__crt_get_proc_address@P6AXI@Z@@YAP6AXI@ZQEAUHINSTANCE__@@QEBD@Z 0000000180026730 f i libucrtd:exit.obj
 0001:00025760       ??0?$__crt_unique_handle_t@U__crt_hmodule_traits@@@@QEAA@QEAUHINSTANCE__@@@Z 0000000180026760 f i libucrtd:exit.obj
 0001:00025790       ??1?$__crt_unique_handle_t@U__crt_hmodule_traits@@@@QEAA@XZ 0000000180026790 f i libucrtd:exit.obj
 0001:000257d0       ?close@?$__crt_unique_handle_t@U__crt_hmodule_traits@@@@QEAAXXZ 00000001800267d0 f i libucrtd:exit.obj
 0001:00025820       ?close@__crt_hmodule_traits@@SA_NPEAUHINSTANCE__@@@Z 0000000180026820 f i libucrtd:exit.obj
 0001:00025a60       ?get@?$__crt_unique_handle_t@U__crt_hmodule_traits@@@@QEBAPEAUHINSTANCE__@@XZ 0000000180026a60 f i libucrtd:exit.obj
 0001:00025a80       ?get_address_of@?$__crt_unique_handle_t@U__crt_hmodule_traits@@@@QEAAPEAPEAUHINSTANCE__@@XZ 0000000180026a80 f i libucrtd:exit.obj
 0001:00025a90       ?get_invalid_value@__crt_hmodule_traits@@SAPEAUHINSTANCE__@@XZ 0000000180026a90 f i libucrtd:exit.obj
 0001:00025cb0       _Exit                      0000000180026cb0 f   libucrtd:exit.obj
 0001:00025ce0       __acrt_initialize_thread_local_exit_callback 0000000180026ce0 f   libucrtd:exit.obj
 0001:00025d00       _c_exit                    0000000180026d00 f   libucrtd:exit.obj
 0001:00025d30       _cexit                     0000000180026d30 f   libucrtd:exit.obj
 0001:00025d50       _exit                      0000000180026d50 f   libucrtd:exit.obj
 0001:00025d80       _is_c_termination_complete 0000000180026d80 f   libucrtd:exit.obj
 0001:00025da0       _register_thread_local_exe_atexit_callback 0000000180026da0 f   libucrtd:exit.obj
 0001:00025e00       exit                       0000000180026e00 f   libucrtd:exit.obj
 0001:00025e30       quick_exit                 0000000180026e30 f   libucrtd:exit.obj
 0001:00025e60       ??$?RE@__crt_internal_free_policy@@QEBAXQEBE@Z 0000000180026e60 f i libucrtd:argv_parsing.obj
 0001:00025e90       ??$?RPEAD@__crt_internal_free_policy@@QEBAXQEBQEAD@Z 0000000180026e90 f i libucrtd:argv_parsing.obj
 0001:00025ec0       ??$?RPEA_W@__crt_internal_free_policy@@QEBAXQEBQEA_W@Z 0000000180026ec0 f i libucrtd:argv_parsing.obj
 0001:00026790       ??$get_module_file_name@$$TAEAY0BAF@DH@?$__crt_char_traits@D@@SAK$$QEA$$TAEAY0BAF@D$$QEAH@Z 0000000180027790 f i libucrtd:argv_parsing.obj
 0001:000267d0       ??$get_module_file_name@$$TAEAY0BAF@_WH@?$__crt_char_traits@_W@@SAK$$QEA$$TAEAY0BAF@_W$$QEAH@Z 00000001800277d0 f i libucrtd:argv_parsing.obj
 0001:000273d0       ??$set_program_name@PEAD@?$__crt_char_traits@D@@SAX$$QEAPEAD@Z 00000001800283d0 f i libucrtd:argv_parsing.obj
 0001:00027400       ??$set_program_name@PEA_W@?$__crt_char_traits@_W@@SAX$$QEAPEA_W@Z 0000000180028400 f i libucrtd:argv_parsing.obj
 0001:00027490       ??0?$__crt_unique_heap_ptr@EU__crt_internal_free_policy@@@@QEAA@QEAE@Z 0000000180028490 f i libucrtd:argv_parsing.obj
 0001:000274c0       ??0?$__crt_unique_heap_ptr@PEADU__crt_internal_free_policy@@@@QEAA@QEAPEAD@Z 00000001800284c0 f i libucrtd:argv_parsing.obj
 0001:000274f0       ??0?$__crt_unique_heap_ptr@PEA_WU__crt_internal_free_policy@@@@QEAA@QEAPEA_W@Z 00000001800284f0 f i libucrtd:argv_parsing.obj
 0001:00027520       ??1?$__crt_unique_heap_ptr@EU__crt_internal_free_policy@@@@QEAA@XZ 0000000180028520 f i libucrtd:argv_parsing.obj
 0001:00027540       ??1?$__crt_unique_heap_ptr@PEADU__crt_internal_free_policy@@@@QEAA@XZ 0000000180028540 f i libucrtd:argv_parsing.obj
 0001:00027560       ??1?$__crt_unique_heap_ptr@PEA_WU__crt_internal_free_policy@@@@QEAA@XZ 0000000180028560 f i libucrtd:argv_parsing.obj
 0001:00027580       ??B?$__crt_unique_heap_ptr@EU__crt_internal_free_policy@@@@QEBA_NXZ 0000000180028580 f i libucrtd:argv_parsing.obj
 0001:00027680       ?detach@?$__crt_unique_heap_ptr@EU__crt_internal_free_policy@@@@QEAAPEAEXZ 0000000180028680 f i libucrtd:argv_parsing.obj
 0001:000276c0       ?detach@?$__crt_unique_heap_ptr@PEADU__crt_internal_free_policy@@@@QEAAPEAPEADXZ 00000001800286c0 f i libucrtd:argv_parsing.obj
 0001:00027700       ?detach@?$__crt_unique_heap_ptr@PEA_WU__crt_internal_free_policy@@@@QEAAPEAPEA_WXZ 0000000180028700 f i libucrtd:argv_parsing.obj
 0001:000277d0       ?get@?$__crt_unique_heap_ptr@EU__crt_internal_free_policy@@@@QEBAPEAEXZ 00000001800287d0 f i libucrtd:argv_parsing.obj
 0001:000277f0       ?get@?$__crt_unique_heap_ptr@PEADU__crt_internal_free_policy@@@@QEBAPEAPEADXZ 00000001800287f0 f i libucrtd:argv_parsing.obj
 0001:00027810       ?get@?$__crt_unique_heap_ptr@PEA_WU__crt_internal_free_policy@@@@QEBAPEAPEA_WXZ 0000000180028810 f i libucrtd:argv_parsing.obj
 0001:00027830       ?get_address_of@?$__crt_unique_heap_ptr@PEADU__crt_internal_free_policy@@@@QEAAPEAPEAPEADXZ 0000000180028830 f i libucrtd:argv_parsing.obj
 0001:00027840       ?get_address_of@?$__crt_unique_heap_ptr@PEA_WU__crt_internal_free_policy@@@@QEAAPEAPEAPEA_WXZ 0000000180028840 f i libucrtd:argv_parsing.obj
 0001:00027890       ?is_valid@?$__crt_unique_heap_ptr@EU__crt_internal_free_policy@@@@QEBA_NXZ 0000000180028890 f i libucrtd:argv_parsing.obj
 0001:000278d0       ?release@?$__crt_unique_heap_ptr@EU__crt_internal_free_policy@@@@QEAAXXZ 00000001800288d0 f i libucrtd:argv_parsing.obj
 0001:00027920       ?release@?$__crt_unique_heap_ptr@PEADU__crt_internal_free_policy@@@@QEAAXXZ 0000000180028920 f i libucrtd:argv_parsing.obj
 0001:00027970       ?release@?$__crt_unique_heap_ptr@PEA_WU__crt_internal_free_policy@@@@QEAAXXZ 0000000180028970 f i libucrtd:argv_parsing.obj
 0001:00027a20       __acrt_allocate_buffer_for_argv 0000000180028a20 f   libucrtd:argv_parsing.obj
 0001:00027b80       _configure_narrow_argv     0000000180028b80 f   libucrtd:argv_parsing.obj
 0001:00027ba0       _configure_wide_argv       0000000180028ba0 f   libucrtd:argv_parsing.obj
 0001:00027bc0       _set_pgmptr                0000000180028bc0 f i libucrtd:argv_parsing.obj
 0001:00027be0       _set_wpgmptr               0000000180028be0 f i libucrtd:argv_parsing.obj
 0001:00027bf8       ??$?R_W@__crt_internal_free_policy@@QEBAXQEB_W@Z 0000000180028bf8 f i libucrtd:environment_initialization.obj
 0001:000282a0       ??$get_environment_from_os@$$$V@?$__crt_char_traits@D@@SAPEADXZ 00000001800292a0 f i libucrtd:environment_initialization.obj
 0001:000282a8       ??$get_environment_from_os@$$$V@?$__crt_char_traits@_W@@SAPEA_WXZ 00000001800292a8 f i libucrtd:environment_initialization.obj
 0001:000284e8       ??$set_variable_in_environment_nolock@PEADH@?$__crt_char_traits@D@@SAH$$QEAPEAD$$QEAH@Z 00000001800294e8 f i libucrtd:environment_initialization.obj
 0001:000284f4       ??$set_variable_in_environment_nolock@PEA_WH@?$__crt_char_traits@_W@@SAH$$QEAPEA_W$$QEAH@Z 00000001800294f4 f i libucrtd:environment_initialization.obj
 0001:00028500       ??$tcscpy_s@PEADAEB_KAEAPEAD@?$__crt_char_traits@D@@SAH$$QEAPEADAEB_KAEAPEAD@Z 0000000180029500 f i libucrtd:environment_initialization.obj
 0001:00028514       ??$tcscpy_s@PEA_WAEB_KAEAPEA_W@?$__crt_char_traits@_W@@SAH$$QEAPEA_WAEB_KAEAPEA_W@Z 0000000180029514 f i libucrtd:environment_initialization.obj
 0001:00028528       ??$tcslen@AEAPEAD@?$__crt_char_traits@D@@SA_KAEAPEAD@Z 0000000180029528 f i libucrtd:environment_initialization.obj
 0001:00028540       ??$tcslen@AEAPEA_W@?$__crt_char_traits@_W@@SA_KAEAPEA_W@Z 0000000180029540 f i libucrtd:environment_initialization.obj
 0001:00028558       ??$uninitialize@A6AXAEAPEAPEAD@Z@?$dual_state_global@PEAPEAD@__crt_state_management@@QEAAXA6AXAEAPEAPEAD@Z@Z 0000000180029558 f i libucrtd:environment_initialization.obj
 0001:000285b0       ??$uninitialize@A6AXAEAPEAPEA_W@Z@?$dual_state_global@PEAPEA_W@__crt_state_management@@QEAAXA6AXAEAPEAPEA_W@Z@Z 00000001800295b0 f i libucrtd:environment_initialization.obj
 0001:00028648       ??0?$__crt_unique_heap_ptr@_WU__crt_internal_free_policy@@@@QEAA@QEA_W@Z 0000000180029648 f i libucrtd:environment_initialization.obj
 0001:00028650       ??1?$__crt_unique_heap_ptr@_WU__crt_internal_free_policy@@@@QEAA@XZ 0000000180029650 f i libucrtd:environment_initialization.obj
 0001:00028678       ??B?$__crt_unique_heap_ptr@PEADU__crt_internal_free_policy@@@@QEBA_NXZ 0000000180029678 f i libucrtd:environment_initialization.obj
 0001:00028684       ??B?$__crt_unique_heap_ptr@PEA_WU__crt_internal_free_policy@@@@QEBA_NXZ 0000000180029684 f i libucrtd:environment_initialization.obj
 0001:00028690       ??B?$__crt_unique_heap_ptr@_WU__crt_internal_free_policy@@@@QEBA_NXZ 0000000180029690 f i libucrtd:environment_initialization.obj
 0001:0002869c       ?__crt_compute_required_transform_buffer_count@@YA_KIQEBD@Z 000000018002969c f i libucrtd:environment_initialization.obj
 0001:000286cc       ?__crt_compute_required_transform_buffer_count@@YA_KIQEB_W@Z 00000001800296cc f i libucrtd:environment_initialization.obj
 0001:00028708       ?__crt_transform_string@@YA_KIQEBDQEA_W_K@Z 0000000180029708 f i libucrtd:environment_initialization.obj
 0001:00028738       ?__crt_transform_string@@YA_KIQEB_WQEAD_K@Z 0000000180029738 f i libucrtd:environment_initialization.obj
 0001:00028774       ?detach@?$__crt_unique_heap_ptr@DU__crt_internal_free_policy@@@@QEAAPEADXZ 0000000180029774 f i libucrtd:environment_initialization.obj
 0001:00028780       ?detach@?$__crt_unique_heap_ptr@_WU__crt_internal_free_policy@@@@QEAAPEA_WXZ 0000000180029780 f i libucrtd:environment_initialization.obj
 0001:0002878c       ?get@?$__crt_unique_heap_ptr@_WU__crt_internal_free_policy@@@@QEBAPEA_WXZ 000000018002978c f i libucrtd:environment_initialization.obj
 0001:00028790       ?get_current_state_index@__crt_state_management@@YA_KXZ 0000000180029790 f i libucrtd:environment_initialization.obj
 0001:000287dc       ?initialize@?$dual_state_global@PEAPEAD@__crt_state_management@@QEAAXQEAPEAD@Z 00000001800297dc f i libucrtd:environment_initialization.obj
 0001:0002881c       ?initialize@?$dual_state_global@PEAPEA_W@__crt_state_management@@QEAAXQEAPEA_W@Z 000000018002981c f i libucrtd:environment_initialization.obj
 0001:0002885c       ?is_valid@?$__crt_unique_heap_ptr@PEADU__crt_internal_free_policy@@@@QEBA_NXZ 000000018002985c f i libucrtd:environment_initialization.obj
 0001:00028868       ?is_valid@?$__crt_unique_heap_ptr@PEA_WU__crt_internal_free_policy@@@@QEBA_NXZ 0000000180029868 f i libucrtd:environment_initialization.obj
 0001:00028874       ?is_valid@?$__crt_unique_heap_ptr@_WU__crt_internal_free_policy@@@@QEBA_NXZ 0000000180029874 f i libucrtd:environment_initialization.obj
 0001:0002888c       ?release@?$__crt_unique_heap_ptr@_WU__crt_internal_free_policy@@@@QEAAXXZ 000000018002988c f i libucrtd:environment_initialization.obj
 0001:000288b4       ?value@?$dual_state_global@PEAPEAD@__crt_state_management@@QEAAAEAPEAPEADXZ 00000001800298b4 f i libucrtd:environment_initialization.obj
 0001:000288b8       ?value@?$dual_state_global@PEAPEA_W@__crt_state_management@@QEAAAEAPEAPEA_WXZ 00000001800298b8 f i libucrtd:environment_initialization.obj
 0001:000288bc       __dcrt_get_or_create_narrow_environment_nolock 00000001800298bc f   libucrtd:environment_initialization.obj
 0001:000288c4       __dcrt_get_or_create_wide_environment_nolock 00000001800298c4 f   libucrtd:environment_initialization.obj
 0001:000288cc       __dcrt_uninitialize_environments_nolock 00000001800298cc f   libucrtd:environment_initialization.obj
 0001:00028914       __p__environ               0000000180029914 f   libucrtd:environment_initialization.obj
 0001:00028920       __p__wenviron              0000000180029920 f   libucrtd:environment_initialization.obj
 0001:0002892c       _get_initial_narrow_environment 000000018002992c f   libucrtd:environment_initialization.obj
 0001:00028958       _get_initial_wide_environment 0000000180029958 f   libucrtd:environment_initialization.obj
 0001:00028984       _initialize_narrow_environment 0000000180029984 f   libucrtd:environment_initialization.obj
 0001:0002898c       _initialize_wide_environment 000000018002998c f   libucrtd:environment_initialization.obj
 0001:000289a0       ??$?BP6AXXZ@__crt_fast_encoded_nullptr_t@@QEBAPEAP6AXXZXZ 00000001800299a0 f i libucrtd:onexit.obj
 0001:000289c0       ??$?RP6AXXZ@__crt_internal_free_policy@@QEBAXQEBQ6AXXZ@Z 00000001800299c0 f i libucrtd:onexit.obj
 0001:000289f0       ??$?RV<lambda_b0d8f1f77f5878de4f648f281b223c15>@@AEAV<lambda_942beefa13ab35ff55f86422493ffd6a>@@V<lambda_7adb6fc9c0d6a5bd4e2d9c212ec7cdcc>@@@?$__crt_seh_guarded_call@H@@QEAAH$$QEAV<lambda_b0d8f1f77f5878de4f648f281b223c15>@@AEAV<lambda_942beefa13ab35ff55f86422493ffd6a>@@$$QEAV<lambda_7adb6fc9c0d6a5bd4e2d9c212ec7cdcc>@@@Z 00000001800299f0 f i libucrtd:onexit.obj
 0001:00028a50       ??$?RV<lambda_d22e02de4d14401f49897516b29a2b7c>@@AEAV<lambda_e971338317bfa523bb8920b43d823727>@@V<lambda_b0b8599c9027f5b14541fbbd6863d1f1>@@@?$__crt_seh_guarded_call@H@@QEAAH$$QEAV<lambda_d22e02de4d14401f49897516b29a2b7c>@@AEAV<lambda_e971338317bfa523bb8920b43d823727>@@$$QEAV<lambda_b0b8599c9027f5b14541fbbd6863d1f1>@@@Z 0000000180029a50 f i libucrtd:onexit.obj
 0001:00028ab0       ??$__acrt_lock_and_call@V<lambda_942beefa13ab35ff55f86422493ffd6a>@@@@YAHW4__acrt_lock_id@@$$QEAV<lambda_942beefa13ab35ff55f86422493ffd6a>@@@Z 0000000180029ab0 f i libucrtd:onexit.obj
 0001:00028b30       ??$__acrt_lock_and_call@V<lambda_e971338317bfa523bb8920b43d823727>@@@@YAHW4__acrt_lock_id@@$$QEAV<lambda_e971338317bfa523bb8920b43d823727>@@@Z 0000000180029b30 f i libucrtd:onexit.obj
 0001:00028bb0       ??$__crt_fast_encode_pointer@P6AHXZ@@YAP6AHXZQ6AHXZ@Z 0000000180029bb0 f i libucrtd:onexit.obj
 0001:00028d30       ??0?$__crt_unique_heap_ptr@P6AXXZU__crt_internal_free_policy@@@@QEAA@QEAP6AXXZ@Z 0000000180029d30 f i libucrtd:onexit.obj
 0001:00028d60       ??1?$__crt_unique_heap_ptr@P6AXXZU__crt_internal_free_policy@@@@QEAA@XZ 0000000180029d60 f i libucrtd:onexit.obj
 0001:00029470       ?detach@?$__crt_unique_heap_ptr@P6AXXZU__crt_internal_free_policy@@@@QEAAPEAP6AXXZXZ 000000018002a470 f i libucrtd:onexit.obj
 0001:000294b0       ?release@?$__crt_unique_heap_ptr@P6AXXZU__crt_internal_free_policy@@@@QEAAXXZ 000000018002a4b0 f i libucrtd:onexit.obj
 0001:00029500       _crt_at_quick_exit         000000018002a500 f   libucrtd:onexit.obj
[...]
 0003:00000e38       ??_R0?AVpDNameNode@@@8     00000001800f3e38     libvcruntimed:undname.obj
 0003:00000e60       ??_R0?AVDNameStatusNode@@@8 00000001800f3e60     libvcruntimed:undname.obj
 0003:00000e90       ??_R0?AVpairNode@@@8       00000001800f3e90     libvcruntimed:undname.obj
 0003:00000eb8       ??_R0?AVbad_exception@std@@@8 00000001800f3eb8     libvcruntimed:frame.obj
 0003:00000ee8       ??_R0?AVexception@std@@@8  00000001800f3ee8     libvcruntimed:frame.obj
 0003:00000f18       ??_R0?AVbad_alloc@std@@@8  00000001800f3f18     libvcruntimed:frame.obj
 0003:00001058       __scrt_current_native_startup_state 00000001800f4058     LIBCMTD:utility.obj
 0003:00001060       __scrt_native_startup_lock 00000001800f4060     LIBCMTD:utility.obj
 0003:000010ac       __favor                    00000001800f40ac     LIBCMTD:_cpu_disp_.obj
 0003:000010b0       __scrt_debugger_hook_flag  00000001800f40b0     LIBCMTD:utility_desktop.obj
 0003:000010b8       ?_OptionsStorage@?1??__local_stdio_printf_options@@9@4_KA 00000001800f40b8     LIBCMTD:_error_.obj
 0003:00001770       ?__type_info_root_node@@3U__type_info_node@@A 00000001800f4770     LIBCMTD:tncleanup.obj
 0003:00001788       ?_OptionsStorage@?1??__local_stdio_scanf_options@@9@4_KA 00000001800f4788     LIBCMTD:default_local_stdio_options.obj
 0003:00001900       __pPurecall                00000001800f4900     libvcruntimed:purevirt_data.obj
 0003:00001910       ?m_pGetParameter@UnDecorator@@0P6APEADJ@ZEA 00000001800f4910     libvcruntimed:undname.obj
 0003:00001918       ?pArgList@UnDecorator@@0PEAVReplicator@@EA 00000001800f4918     libvcruntimed:undname.obj
 0003:00001920       ?pZNameList@UnDecorator@@0PEAVReplicator@@EA 00000001800f4920     libvcruntimed:undname.obj
 0003:00001928       ?pTemplateArgList@UnDecorator@@0PEAVReplicator@@EA 00000001800f4928     libvcruntimed:undname.obj
 0003:00001930       ?gName@UnDecorator@@0PEBDEB 00000001800f4930     libvcruntimed:undname.obj
 0003:00001938       ?name@UnDecorator@@0PEBDEB 00000001800f4938     libvcruntimed:undname.obj
 0003:00001940       ?outputString@UnDecorator@@0PEADEA 00000001800f4940     libvcruntimed:undname.obj
 0003:00001948       ?maxStringLength@UnDecorator@@0HA 00000001800f4948     libvcruntimed:undname.obj
 0003:0000194c       ?disableFlags@UnDecorator@@0KA 00000001800f494c     libvcruntimed:undname.obj
 0003:00001950       ?fExplicitTemplateParams@UnDecorator@@0_NA 00000001800f4950     libvcruntimed:undname.obj
 0003:00001951       ?fGetTemplateArgumentList@UnDecorator@@0_NA 00000001800f4951     libvcruntimed:undname.obj
 0003:00001a00       ?nodes@?1??make@DNameStatusNode@@SAPEAV2@W4DNameStatus@@@Z@4PAV2@A 00000001800f4a00     libvcruntimed:undname.obj
 0003:00001a4c       ??_B?1??make@DNameStatusNode@@SAPEAV1@W4DNameStatus@@@Z@51 00000001800f4a4c     libvcruntimed:undname.obj
 0003:00001e28       _environ_table             00000001800f4e28     libucrtd:environment_initialization.obj
 0003:00001e30       _wenviron_table            00000001800f4e30     libucrtd:environment_initialization.obj
 0003:00001e40       __dcrt_initial_wide_environment 00000001800f4e40     libucrtd:environment_initialization.obj
 0003:00001e50       __dcrt_initial_narrow_environment 00000001800f4e50     libucrtd:environment_initialization.obj
 0003:00001e60       __acrt_atexit_table        00000001800f4e60     libucrtd:onexit.obj
 0003:00001e80       __acrt_at_quick_exit_table 00000001800f4e80     libucrtd:onexit.obj
 0003:00001ef8       _pfnDumpClient             00000001800f4ef8     libucrtd:debug_heap.obj
 0003:00002688       _nstream                   00000001800f5688     libucrtd:_file.obj
 0003:00002690       __piob                     00000001800f5690     libucrtd:_file.obj
 0003:0000269c       _cflush                    00000001800f569c     libucrtd:_file.obj
 0003:000026d0       __acrt_locale_changed_data 00000001800f56d0     libucrtd:wsetlocale.obj
 0003:000026d8       __acrt_current_locale_data 00000001800f56d8     libucrtd:nlsdata.obj
 0003:00002b78       __mbcodepage               00000001800f5b78     libucrtd:mbctype.obj
 0003:00002b7c       __ismbcodepage             00000001800f5b7c     libucrtd:mbctype.obj
 0003:00002b80       __mbulinfo                 00000001800f5b80     libucrtd:mbctype.obj
 0003:00002b98       __mblocalename             00000001800f5b98     libucrtd:mbctype.obj
 0003:00002ba4       __argc                     00000001800f5ba4     libucrtd:argv_data.obj
 0003:00002ba8       __argv                     00000001800f5ba8     libucrtd:argv_data.obj
 0003:00002bb8       __wargv                    00000001800f5bb8     libucrtd:argv_data.obj
 0003:00002bc8       _acmdln                    00000001800f5bc8     libucrtd:argv_data.obj
 0003:00002bd8       _wcmdln                    00000001800f5bd8     libucrtd:argv_data.obj
 0003:00002be8       _pgmptr                    00000001800f5be8     libucrtd:argv_data.obj
 0003:00002bf8       _wpgmptr                   00000001800f5bf8     libucrtd:argv_data.obj
 0003:00002c08       __acrt_heap                00000001800f5c08     libucrtd:heap_handle.obj
 0003:00002c20       __pioinfo                  00000001800f5c20     libucrtd:ioinit.obj
 0003:000030ec       _nhandle                   00000001800f60ec     libucrtd:ioinit.obj
 0003:00003110       __acrt_stdout_buffer       00000001800f6110     libucrtd:_sftbuf.obj
 0003:00003120       __acrt_stderr_buffer       00000001800f6120     libucrtd:_sftbuf.obj
 0003:00003130       _pfnReportHook             00000001800f6130     libucrtd:dbgrptt.obj
 0003:00003138       _pReportHookList           00000001800f6138     libucrtd:dbgrptt.obj
 0003:00003140       _pReportHookListW          00000001800f6140     libucrtd:dbgrptt.obj
 0003:00003159       __acrt_lconv_static_null   00000001800f6159     libucrtd:localeconv.obj
 0003:0000315c       __acrt_lconv_static_W_null 00000001800f615c     libucrtd:localeconv.obj
 0003:00003160       __fma3_is_available        00000001800f6160     libucrtd:fma3_available.obj
 0003:00003164       __use_fma3_lib             00000001800f6164     libucrtd:fma3_available.obj
 0003:00003168       ?g_OutOfMemoryExceptionCallback@@3P6APEAXXZEA 00000001800f6168     libvcruntimed:frame.obj
 0003:00003178       __dyn_tls_init_callback    00000001800f6178     <common>
 0003:0000318c       __scrt_ucrt_dll_is_in_use  00000001800f618c     <common>
 0005:00000000       __imp_GetVersionExA        0000000180100000     kernel32:KERNEL32.dll
 0005:00000008       __imp_FreeLibrary          0000000180100008     kernel32:KERNEL32.dll
 0005:00000010       __imp_GetProcAddress       0000000180100010     kernel32:KERNEL32.dll
 0005:00000018       __imp_LoadLibraryA         0000000180100018     kernel32:KERNEL32.dll
 0005:00000020       __imp_GetModuleHandleA     0000000180100020     kernel32:KERNEL32.dll
 0005:00000028       __imp_RtlPcToFileHeader    0000000180100028     kernel32:KERNEL32.dll
 0005:00000030       __imp_CreateFileW          0000000180100030     kernel32:KERNEL32.dll
 0005:00000038       __imp_SetFilePointerEx     0000000180100038     kernel32:KERNEL32.dll
 0005:00000040       __imp_SetStdHandle         0000000180100040     kernel32:KERNEL32.dll
 0005:00000048       __imp_GetConsoleMode       0000000180100048     kernel32:KERNEL32.dll
 0005:00000050       __imp_GetConsoleCP         0000000180100050     kernel32:KERNEL32.dll
 0005:00000058       __imp_FlushFileBuffers     0000000180100058     kernel32:KERNEL32.dll
 0005:00000060       __imp_GetStringTypeW       0000000180100060     kernel32:KERNEL32.dll
 0005:00000068       __imp_HeapQueryInformation 0000000180100068     kernel32:KERNEL32.dll
 0005:00000070       __imp_HeapReAlloc          0000000180100070     kernel32:KERNEL32.dll
 0005:00000078       __imp_SetEnvironmentVariableW 0000000180100078     kernel32:KERNEL32.dll
 0005:00000080       __imp_SetEnvironmentVariableA 0000000180100080     kernel32:KERNEL32.dll
 0005:00000088       __imp_FreeEnvironmentStringsW 0000000180100088     kernel32:KERNEL32.dll
 0005:00000090       __imp_GetEnvironmentStringsW 0000000180100090     kernel32:KERNEL32.dll
 0005:00000098       __imp_GetCommandLineW      0000000180100098     kernel32:KERNEL32.dll
 0005:000000a0       __imp_GetCommandLineA      00000001801000a0     kernel32:KERNEL32.dll
 0005:000000a8       __imp_GetCPInfo            00000001801000a8     kernel32:KERNEL32.dll
 0005:000000b0       __imp_GetOEMCP             00000001801000b0     kernel32:KERNEL32.dll
 0005:000000b8       __imp_IsValidCodePage      00000001801000b8     kernel32:KERNEL32.dll
 0005:000000c0       __imp_FindNextFileW        00000001801000c0     kernel32:KERNEL32.dll
 0005:000000c8       __imp_FindNextFileA        00000001801000c8     kernel32:KERNEL32.dll
 0005:000000d0       __imp_FindFirstFileExW     00000001801000d0     kernel32:KERNEL32.dll
 0005:000000d8       __imp_FindFirstFileExA     00000001801000d8     kernel32:KERNEL32.dll
 0005:000000e0       __imp_FindClose            00000001801000e0     kernel32:KERNEL32.dll
 0005:000000e8       __imp_EnumSystemLocalesW   00000001801000e8     kernel32:KERNEL32.dll
 0005:000000f0       __imp_GetUserDefaultLCID   00000001801000f0     kernel32:KERNEL32.dll
 0005:000000f8       __imp_IsValidLocale        00000001801000f8     kernel32:KERNEL32.dll
 0005:00000100       __imp_GetLocaleInfoW       0000000180100100     kernel32:KERNEL32.dll
 0005:00000108       __imp_LCMapStringW         0000000180100108     kernel32:KERNEL32.dll
 0005:00000110       __imp_CompareStringW       0000000180100110     kernel32:KERNEL32.dll
 0005:00000118       __imp_GetTimeFormatW       0000000180100118     kernel32:KERNEL32.dll
 0005:00000120       __imp_GetDateFormatW       0000000180100120     kernel32:KERNEL32.dll
 0005:00000128       __imp_GetACP               0000000180100128     kernel32:KERNEL32.dll
 0005:00000130       __imp_GetCurrentThread     0000000180100130     kernel32:KERNEL32.dll
 0005:00000138       __imp_SetConsoleCtrlHandler 0000000180100138     kernel32:KERNEL32.dll
 0005:00000140       __imp_RtlCaptureContext    0000000180100140     kernel32:KERNEL32.dll
 0005:00000148       __imp_RtlLookupFunctionEntry 0000000180100148     kernel32:KERNEL32.dll
 0005:00000150       __imp_RtlVirtualUnwind     0000000180100150     kernel32:KERNEL32.dll
 0005:00000158       __imp_IsDebuggerPresent    0000000180100158     kernel32:KERNEL32.dll
 0005:00000160       __imp_UnhandledExceptionFilter 0000000180100160     kernel32:KERNEL32.dll
 0005:00000168       __imp_SetUnhandledExceptionFilter 0000000180100168     kernel32:KERNEL32.dll
 0005:00000170       __imp_GetStartupInfoW      0000000180100170     kernel32:KERNEL32.dll
 0005:00000178       __imp_IsProcessorFeaturePresent 0000000180100178     kernel32:KERNEL32.dll
 0005:00000180       __imp_GetModuleHandleW     0000000180100180     kernel32:KERNEL32.dll
 0005:00000188       __imp_RaiseException       0000000180100188     kernel32:KERNEL32.dll
 0005:00000190       __imp_MultiByteToWideChar  0000000180100190     kernel32:KERNEL32.dll
 0005:00000198       __imp_WideCharToMultiByte  0000000180100198     kernel32:KERNEL32.dll
 0005:000001a0       __imp_GetCurrentProcess    00000001801001a0     kernel32:KERNEL32.dll
 0005:000001a8       __imp_TerminateProcess     00000001801001a8     kernel32:KERNEL32.dll
 0005:000001b0       __imp_QueryPerformanceCounter 00000001801001b0     kernel32:KERNEL32.dll
 0005:000001b8       __imp_GetCurrentProcessId  00000001801001b8     kernel32:KERNEL32.dll
 0005:000001c0       __imp_GetCurrentThreadId   00000001801001c0     kernel32:KERNEL32.dll
 0005:000001c8       __imp_GetSystemTimeAsFileTime 00000001801001c8     kernel32:KERNEL32.dll
 0005:000001d0       __imp_InitializeSListHead  00000001801001d0     kernel32:KERNEL32.dll
 0005:000001d8       __imp_GetLastError         00000001801001d8     kernel32:KERNEL32.dll
 0005:000001e0       __imp_HeapAlloc            00000001801001e0     kernel32:KERNEL32.dll
 0005:000001e8       __imp_HeapFree             00000001801001e8     kernel32:KERNEL32.dll
 0005:000001f0       __imp_GetProcessHeap       00000001801001f0     kernel32:KERNEL32.dll
 0005:000001f8       __imp_VirtualQuery         00000001801001f8     kernel32:KERNEL32.dll
 0005:00000200       __imp_RtlUnwindEx          0000000180100200     kernel32:KERNEL32.dll
 0005:00000208       __imp_InterlockedPushEntrySList 0000000180100208     kernel32:KERNEL32.dll
 0005:00000210       __imp_InterlockedFlushSList 0000000180100210     kernel32:KERNEL32.dll
 0005:00000218       __imp_GetModuleFileNameW   0000000180100218     kernel32:KERNEL32.dll
 0005:00000220       __imp_LoadLibraryExW       0000000180100220     kernel32:KERNEL32.dll
 0005:00000228       __imp_SetLastError         0000000180100228     kernel32:KERNEL32.dll
 0005:00000230       __imp_EnterCriticalSection 0000000180100230     kernel32:KERNEL32.dll
 0005:00000238       __imp_LeaveCriticalSection 0000000180100238     kernel32:KERNEL32.dll
 0005:00000240       __imp_DeleteCriticalSection 0000000180100240     kernel32:KERNEL32.dll
 0005:00000248       __imp_InitializeCriticalSectionAndSpinCount 0000000180100248     kernel32:KERNEL32.dll
 0005:00000250       __imp_TlsAlloc             0000000180100250     kernel32:KERNEL32.dll
 0005:00000258       __imp_TlsGetValue          0000000180100258     kernel32:KERNEL32.dll
 0005:00000260       __imp_TlsSetValue          0000000180100260     kernel32:KERNEL32.dll
 0005:00000268       __imp_TlsFree              0000000180100268     kernel32:KERNEL32.dll
 0005:00000270       __imp_GetStdHandle         0000000180100270     kernel32:KERNEL32.dll
 0005:00000278       __imp_GetFileType          0000000180100278     kernel32:KERNEL32.dll
 0005:00000280       __imp_GetModuleFileNameA   0000000180100280     kernel32:KERNEL32.dll
 0005:00000288       __imp_GetModuleHandleExW   0000000180100288     kernel32:KERNEL32.dll
 0005:00000290       __imp_WriteConsoleW        0000000180100290     kernel32:KERNEL32.dll
 0005:00000298       __imp_ExitProcess          0000000180100298     kernel32:KERNEL32.dll
 0005:000002a0       __imp_HeapSize             00000001801002a0     kernel32:KERNEL32.dll
 0005:000002a8       __imp_HeapValidate         00000001801002a8     kernel32:KERNEL32.dll
 0005:000002b0       __imp_GetSystemInfo        00000001801002b0     kernel32:KERNEL32.dll
 0005:000002b8       __imp_WriteFile            00000001801002b8     kernel32:KERNEL32.dll
 0005:000002c0       __imp_OutputDebugStringA   00000001801002c0     kernel32:KERNEL32.dll
 0005:000002c8       __imp_OutputDebugStringW   00000001801002c8     kernel32:KERNEL32.dll
 0005:000002d0       __imp_CloseHandle          00000001801002d0     kernel32:KERNEL32.dll
 0005:000002d8       __imp_WaitForSingleObjectEx 00000001801002d8     kernel32:KERNEL32.dll
 0005:000002e0       __imp_CreateThread         00000001801002e0     kernel32:KERNEL32.dll
 0005:000002e8       __imp_EncodePointer        00000001801002e8     kernel32:KERNEL32.dll
 0005:000002f0       \177KERNEL32_NULL_THUNK_DATA 00000001801002f0     kernel32:KERNEL32.dll
 0005:000003d8       __imp_DwmEnableBlurBehindWindow 00000001801003d8     dwmapi:dwmapi.dll
 0005:000003e0       \177dwmapi_NULL_THUNK_DATA 00000001801003e0     dwmapi:dwmapi.dll
 0005:00000438       __imp_node_module_register 0000000180100438     iojs:node.dll
 0005:00000440       __imp_?Data@Buffer@node@@YAPEADV?$Local@VObject@v8@@@v8@@@Z 0000000180100440     iojs:node.dll
 0005:00000448       __imp_?ToLocalEmpty@V8@v8@@CAXXZ 0000000180100448     iojs:node.dll
 0005:00000450       __imp_?ClearWeak@V8@v8@@CAPEAXPEAPEAVObject@internal@2@@Z 0000000180100450     iojs:node.dll
 0005:00000458       __imp_?MakeWeak@V8@v8@@CAXPEAPEAVObject@internal@2@PEAXP6AXAEBV?$WeakCallbackInfo@X@2@@ZW4WeakCallbackType@2@@Z 0000000180100458     iojs:node.dll
 0005:00000460       __imp_?DisposeGlobal@V8@v8@@CAXPEAPEAVObject@internal@2@@Z 0000000180100460     iojs:node.dll
 0005:00000468       __imp_?GetCurrentContext@Isolate@v8@@QEAA?AV?$Local@VContext@v8@@@2@XZ 0000000180100468     iojs:node.dll
 0005:00000470       __imp_?GetCurrent@Isolate@v8@@SAPEAV12@XZ 0000000180100470     iojs:node.dll
 0005:00000478       __imp_?SetInternalFieldCount@ObjectTemplate@v8@@QEAAXH@Z 0000000180100478     iojs:node.dll
 0005:00000480       __imp_?NewInstance@ObjectTemplate@v8@@QEAA?AV?$MaybeLocal@VObject@v8@@@2@V?$Local@VContext@v8@@@2@@Z 0000000180100480     iojs:node.dll
 0005:00000488       __imp_?New@ObjectTemplate@v8@@SA?AV?$Local@VObjectTemplate@v8@@@2@PEAVIsolate@2@V?$Local@VFunctionTemplate@v8@@@2@@Z 0000000180100488     iojs:node.dll
 0005:00000490       __imp_?InstanceTemplate@FunctionTemplate@v8@@QEAA?AV?$Local@VObjectTemplate@v8@@@2@XZ 0000000180100490     iojs:node.dll
 0005:00000498       __imp_?GetFunction@FunctionTemplate@v8@@QEAA?AV?$MaybeLocal@VFunction@v8@@@2@V?$Local@VContext@v8@@@2@@Z 0000000180100498     iojs:node.dll
 0005:000004a0       __imp_?New@FunctionTemplate@v8@@SA?AV?$Local@VFunctionTemplate@v8@@@2@PEAVIsolate@2@P6AXAEBV?$FunctionCallbackInfo@VValue@v8@@@2@@ZV?$Local@VValue@v8@@@2@V?$Local@VSignature@v8@@@2@HW4ConstructorBehavior@2@@Z 00000001801004a0     iojs:node.dll
 0005:000004a8       __imp_?Value@External@v8@@QEBAPEAXXZ 00000001801004a8     iojs:node.dll
 0005:000004b0       __imp_?New@External@v8@@SA?AV?$Local@VExternal@v8@@@2@PEAVIsolate@2@PEAX@Z 00000001801004b0     iojs:node.dll
 0005:000004b8       __imp_?Cast@Array@v8@@SAPEAV12@PEAVValue@2@@Z 00000001801004b8     iojs:node.dll
 0005:000004c0       __imp_?Cast@Object@v8@@SAPEAV12@PEAVValue@2@@Z 00000001801004c0     iojs:node.dll
 0005:000004c8       __imp_?SetInternalField@Object@v8@@QEAAXHV?$Local@VValue@v8@@@2@@Z 00000001801004c8     iojs:node.dll
 0005:000004d0       __imp_?GetInternalField@Object@v8@@QEAA?AV?$Local@VValue@v8@@@2@H@Z 00000001801004d0     iojs:node.dll
 0005:000004d8       __imp_?Set@Object@v8@@QEAA?AV?$Maybe@_N@2@V?$Local@VContext@v8@@@2@V?$Local@VValue@v8@@@2@1@Z 00000001801004d8     iojs:node.dll
 0005:000004e0       __imp_?New@Integer@v8@@SA?AV?$Local@VInteger@v8@@@2@PEAVIsolate@2@H@Z 00000001801004e0     iojs:node.dll
 0005:000004e8       __imp_?NewFromUtf8@String@v8@@SA?AV?$MaybeLocal@VString@v8@@@2@PEAVIsolate@2@PEBDW4NewStringType@2@H@Z 00000001801004e8     iojs:node.dll
 0005:000004f0       __imp_?BooleanValue@Value@v8@@QEBA_NXZ 00000001801004f0     iojs:node.dll
 0005:000004f8       __imp_?IsNull@Value@v8@@QEBA_NXZ 00000001801004f8     iojs:node.dll
 0005:00000500       __imp_?Escape@EscapableHandleScope@v8@@AEAAPEAPEAVObject@internal@2@PEAPEAV342@@Z 0000000180100500     iojs:node.dll
 0005:00000508       __imp_??1EscapableHandleScope@v8@@QEAA@XZ 0000000180100508     iojs:node.dll
 0005:00000510       __imp_??0EscapableHandleScope@v8@@QEAA@PEAVIsolate@1@@Z 0000000180100510     iojs:node.dll
 0005:00000518       __imp_?CreateHandle@HandleScope@v8@@KAPEAPEAVObject@internal@2@PEAVIsolate@42@PEAV342@@Z 0000000180100518     iojs:node.dll
 0005:00000520       __imp_??1HandleScope@v8@@QEAA@XZ 0000000180100520     iojs:node.dll
 0005:00000528       __imp_??0HandleScope@v8@@QEAA@PEAVIsolate@1@@Z 0000000180100528     iojs:node.dll
 0005:00000530       __imp_?Cast@External@v8@@SAPEAV12@PEAVValue@2@@Z 0000000180100530     iojs:node.dll
 0005:00000538       \177node_NULL_THUNK_DATA   0000000180100538     iojs:node.dll
 0005:000005c0       __IMPORT_DESCRIPTOR_KERNEL32 00000001801005c0     kernel32:KERNEL32.dll
 0005:000005d4       __IMPORT_DESCRIPTOR_node   00000001801005d4     iojs:node.dll
 0005:000005e8       __IMPORT_DESCRIPTOR_dwmapi 00000001801005e8     dwmapi:dwmapi.dll
 0005:000005fc       __NULL_IMPORT_DESCRIPTOR   00000001801005fc     kernel32:KERNEL32.dll
 0007:00000000       __guard_check_icall_fptr   0000000180103000     LIBCMTD:guard_support.obj
 0007:00000010       __guard_dispatch_icall_fptr 0000000180103010     LIBCMTD:guard_support.obj

 Exports

  ordinal    name

        1    _register_Vibrancy_
